[    2375ms] [INFO] %cDownload the React DevTools for a better development experience: https://react.dev/link/react-devtools font-weight:bold @ http://localhost:3000/_next/static/chunks/node_modules_react-dom_0bruynb._.js:15305
[    4619ms] [LOG] [HMR] connected @ http://localhost:3000/_next/static/chunks/node_modules_next_dist_0piy_.e._.js:3550
[    6817ms] [ERROR] A tree hydrated but some attributes of the server rendered HTML didn't match the client properties. This won't be patched up. This can happen if a SSR-ed Client Component used:

- A server/client branch `if (typeof window !== 'undefined')`.
- Variable input such as `Date.now()` or `Math.random()` which changes each time it's called.
- Date formatting in a user's locale which doesn't match the server.
- External changing data without sending a snapshot of it along with the HTML.
- Invalid HTML tag nesting.

It can also happen if the client has a browser extension installed which messes with the HTML before React loaded.

%s%s https://react.dev/link/hydration-mismatch 

  ...
    <ThemeProvider themeId={undefined} theme={{...}}>
      <ThemeProvider theme={{...}}>
        <RtlProvider value={false}>
          <DefaultPropsProvider value={{}}>
            <CssBaseline>
            <StateProvider>
              <Layout>
                <div style={{display:"flex", ...}}>
                  <SearchAppBar>
                    <Styled(div) className="SearchAppB...">
                      <Insertion>
                      <div
+                       className="SearchAppBar-root mui-efgq4h"
-                       className="SearchAppBar-root css-efgq4h"
                        ref={null}
                      >
                        <AppBar position="static">
                          <MuiAppBar-root square={true} component="header" ownerState={{position:"...", ...}} ...>
                            <Insertion>
                            <Paper square={true} component="header" elevation={4} className="MuiAppBar-..." ref={null}>
                              <MuiPaper-root as="header" ownerState={{square:true, ...}} className="MuiPaper-r..." ...>
                                <Insertion>
                                <header
+                                 className="MuiPaper-root MuiPaper-elevation MuiPaper-elevation4 MuiAppBar-root MuiAp..."
-                                 className="MuiPaper-root MuiPaper-elevation MuiPaper-elevation4 MuiAppBar-root MuiAp..."
                                  style={{--Paper-shadow:"var(--mui-...",--Paper-overlay:"var(--mui-..."}}
                                  ref={null}
                                >
                                  <Toolbar>
                                    <MuiToolbar-root as="div" className="MuiToolbar..." ref={null} ...>
                                      <Insertion>
                                      <div
+                                       className="MuiToolbar-root MuiToolbar-gutters MuiToolbar-regular mui-1bmc26r-M..."
-                                       className="MuiToolbar-root MuiToolbar-gutters MuiToolbar-regular css-1bmc26r-M..."
                                        ref={null}
                                      >
                                        ...
                                          <MuiIconButton-root id={undefined} className="MuiIconBut..." ...>
                                            <Insertion>
                                            <ButtonBase id={undefined} className="MuiIconBut..." centerRipple={true} ...>
                                              <MuiButtonBase-root as="button" className="MuiButtonB..." ...>
                                                <Insertion>
                                                <button
+                                                 className="MuiButtonBase-root MuiIconButton-root MuiIconButton-color..."
-                                                 className="MuiButtonBase-root MuiIconButton-root MuiIconButton-color..."
                                                  onBlur={function useEventCallback.useRef}
                                                  onClick={function useButtonBase.useCallback[getButtonProps].handleClick}
                                                  onContextMenu={function useEventCallback.useRef}
                                                  onFocus={function useEventCallback.useRef}
                                                  onKeyDown={function useButtonBase.useCallback[getButtonProps].handleKeyDown}
                                                  onKeyUp={function useButtonBase.useCallback[getButtonProps].handleKeyUp}
                                                  onMouseDown={function useEventCallback.useRef}
                                                  onMouseLeave={function useEventCallback.useRef}
                                                  onMouseUp={function useEventCallback.useRef}
                                                  onDragLeave={function useEventCallback.useRef}
                                                  onTouchEnd={function useEventCallback.useRef}
                                                  onTouchMove={function useEventCallback.useRef}
                                                  onTouchStart={function useEventCallback.useRef}
                                                  tabIndex={0}
                                                  type="button"
                                                  disabled={null}
                                                  id={undefined}
                                                  aria-label="open drawer"
                                                  aria-controls="simple-menu"
                                                  aria-haspopup="true"
                                                  ref={function useForkRef.useMemo}
                                                >
                                                  ...
                                                    <MenuIcon>
                                                      <SvgIcon data-testid="MenuIcon" ref={null}>
                                                        <MuiSvgIcon-root as="svg" className="MuiSvgIcon..." ...>
                                                          <Insertion>
                                                          <svg
+                                                           className="MuiSvgIcon-root MuiSvgIcon-fontSizeMedium mui-4..."
-                                                           className="MuiSvgIcon-root MuiSvgIcon-fontSizeMedium css-4..."
                                                            focusable="false"
                                                            color={undefined}
                                                            aria-hidden={true}
                                                            role={undefined}
                                                            viewBox="0 0 24 24"
                                                            data-testid="MenuIcon"
                                                            ref={null}
                                                          >
                                        <Box className="SearchAppB...">
                                          <Styled(div) as="div" ref={null} className="SearchAppB..." theme={{...}}>
                                            <Insertion>
                                            <div
+                                             className="SearchAppBar-title MuiBox-root mui-0"
-                                             className="SearchAppBar-title MuiBox-root css-0"
                                              ref={null}
                                            >
                                              ...
                                                <MuiButton-root ownerState={{...}} className="MuiButton-..." ...>
                                                  <Insertion>
                                                  <ButtonBase className="MuiButton-..." component="button" ...>
                                                    <MuiButtonBase-root as="button" className="MuiButtonB..." ...>
                                                      <Insertion>
                                                      <button
+                                                       className="MuiButtonBase-root MuiButton-root MuiButton-text Mu..."
-                                                       className="MuiButtonBase-root MuiButton-root MuiButton-text Mu..."
                                                        onBlur={function useEventCallback.useRef}
                                                        onClick={function useButtonBase.useCallback[getButtonProps].handleClick}
                                                        onContextMenu={function useEventCallback.useRef}
                                                        onFocus={function useEventCallback.useRef}
                                                        onKeyDown={function useButtonBase.useCallback[getButtonProps].handleKeyDown}
                                                        onKeyUp={function useButtonBase.useCallback[getButtonProps].handleKeyUp}
                                                        onMouseDown={function useEventCallback.useRef}
                                                        onMouseLeave={function useEventCallback.useRef}
                                                        onMouseUp={function useEventCallback.useRef}
                                                        onDragLeave={function useEventCallback.useRef}
                                                        onTouchEnd={function useEventCallback.useRef}
                                                        onTouchMove={function useEventCallback.useRef}
                                                        onTouchStart={function useEventCallback.useRef}
                                                        tabIndex={0}
                                                        type="button"
                                                        disabled={null}
                                                        id={undefined}
                                                        ref={function useForkRef.useMemo}
                                                      >
                                        <form onSubmit={function handleSearchSubmit}>
                                          <div className="SearchAppB...">
                                            ...
                                              <SearchIcon>
                                                <SvgIcon data-testid="SearchIcon" ref={null}>
                                                  <MuiSvgIcon-root as="svg" className="MuiSvgIcon..." focusable="false" ...>
                                                    <Insertion>
                                                    <svg
+                                                     className="MuiSvgIcon-root MuiSvgIcon-fontSizeMedium mui-4uxqju-..."
-                                                     className="MuiSvgIcon-root MuiSvgIcon-fontSizeMedium css-4uxqju-..."
                                                      focusable="false"
                                                      color={undefined}
                                                      aria-hidden={true}
                                                      role={undefined}
                                                      viewBox="0 0 24 24"
                                                      data-testid="SearchIcon"
                                                      ref={null}
                                                    >
                                            <InputBase placeholder="Search..." value="" ...>
                                              <GlobalStylesWrapper>
                                              <MuiInputBase-root ref={null} onClick={function handleClick} ...>
                                                <Insertion>
                                                <div
                                                  onClick={function handleClick}
                                                  onKeyPress={function handleKeyPress}
+                                                 className="MuiInputBase-root SearchAppBar-inputRoot MuiInputBase-col..."
-                                                 className="MuiInputBase-root SearchAppBar-inputRoot MuiInputBase-col..."
                                                  ref={null}
                                                >
                                                  <MuiInputBase-input aria-invalid={undefined} ...>
                                                    <Insertion>
                                                    <input
                                                      aria-invalid={undefined}
                                                      aria-describedby={undefined}
                                                      aria-label="search"
                                                      autoComplete={undefined}
                                                      autoFocus={undefined}
                                                      defaultValue={undefined}
                                                      disabled={undefined}
                                                      id={undefined}
                                                      onAnimationStart={function handleAutoFill}
                                                      name={undefined}
                                                      placeholder="Search..."
                                                      readOnly={undefined}
                                                      required={undefined}
                                                      rows={undefined}
                                                      value=""
                                                      onKeyDown={undefined}
                                                      onKeyUp={undefined}
                                                      type="text"
+                                                     className="MuiInputBase-input SearchAppBar-inputInput mui-1943rd..."
-                                                     className="MuiInputBase-input SearchAppBar-inputInput css-1943rd..."
                                                      onBlur={function handleBlur}
                                                      onChange={function handleChange}
                                                      onFocus={function handleFocus}
                                                      ref={function useForkRef.useMemo}
                                                    >
                                        <IconButton color="inherit" onClick={function toggleColorMode} ...>
                                          <MuiIconButton-root id={undefined} className="MuiIconBut..." ...>
                                            <Insertion>
                                            <ButtonBase id={undefined} className="MuiIconBut..." centerRipple={true} ...>
                                              <MuiButtonBase-root as="button" className="MuiButtonB..." ...>
                                                <Insertion>
                                                <button
+                                                 className="MuiButtonBase-root MuiIconButton-root MuiIconButton-color..."
-                                                 className="MuiButtonBase-root MuiIconButton-root MuiIconButton-color..."
                                                  onBlur={function useEventCallback.useRef}
                                                  onClick={function useButtonBase.useCallback[getButtonProps].handleClick}
                                                  onContextMenu={function useEventCallback.useRef}
                                                  onFocus={function useEventCallback.useRef}
                                                  onKeyDown={function useButtonBase.useCallback[getButtonProps].handleKeyDown}
                                                  onKeyUp={function useButtonBase.useCallback[getButtonProps].handleKeyUp}
                                                  onMouseDown={function useEventCallback.useRef}
                                                  onMouseLeave={function useEventCallback.useRef}
                                                  onMouseUp={function useEventCallback.useRef}
                                                  onDragLeave={function useEventCallback.useRef}
                                                  onTouchEnd={function useEventCallback.useRef}
                                                  onTouchMove={function useEventCallback.useRef}
                                                  onTouchStart={function useEventCallback.useRef}
                                                  tabIndex={0}
                                                  type="button"
                                                  disabled={null}
                                                  id={undefined}
                                                  aria-label="toggle dark mode"
                                                  ref={function useForkRef.useMemo}
                                                >
                  <Content>
                    <div style={{padding:"1rem"}}>
                      <Blog allPostsData={[...]}>
                        <div>
                          <StandardSeo>
                          <Title title="Blog">
                            <Typography variant="h1">
                              <MuiTypography-root as="h1" ref={null} className="MuiTypogra..." ...>
                                <Insertion>
                                <h1
+                                 className="MuiTypography-root MuiTypography-h1 mui-3bw8v1-MuiTypography-root"
-                                 className="MuiTypography-root MuiTypography-h1 css-3bw8v1-MuiTypography-root"
                                  style={{}}
                                  ref={null}
                                >
+                                 Blog
                          ...
                  <Footer>
                    <Box style={{...}}>
                      <Styled(div) as="div" ref={null} className="MuiBox-root" theme={{...}} style={{...}}>
                        <Insertion>
                        <div
+                         className="MuiBox-root mui-0"
-                         className="MuiBox-root css-0"
                          style={{marginTop:"auto"}}
                          ref={null}
                        >
                          <AppBar position="static" color="transparent" elevation={0}>
                            <MuiAppBar-root square={true} component="header" ownerState={{position:"...", ...}} ...>
                              <Insertion>
                              <Paper square={true} component="header" elevation={0} className="MuiAppBar-..." ref={null}>
                                <MuiPaper-root as="header" ownerState={{square:true, ...}} className="MuiPaper-r..." ...>
                                  <Insertion>
                                  <header
+                                   className="MuiPaper-root MuiPaper-elevation MuiPaper-elevation0 MuiAppBar-root Mui..."
-                                   className="MuiPaper-root MuiPaper-elevation MuiPaper-elevation0 MuiAppBar-root Mui..."
                                    style={{--Paper-shadow:"var(--mui-...",--Paper-overlay:"var(--mui-..."}}
                                    ref={null}
                                  >
                                    <Container maxWidth="lg">
                                      <MuiContainer-root as="div" ownerState={{maxWidth:"lg", ...}} ...>
                                        <Insertion>
                                        <div
+                                         className="MuiContainer-root MuiContainer-maxWidthLg mui-1x21fgm-MuiContaine..."
-                                         className="MuiContainer-root MuiContainer-maxWidthLg css-1x21fgm-MuiContaine..."
                                          ref={null}
                                        >
                                          <Divider>
                                            <MuiDivider-root as="hr" className="MuiDivider..." role={undefined} ...>
                                              <Insertion>
                                              <hr
+                                               className="MuiDivider-root MuiDivider-fullWidth mui-ove2lz-MuiDivider-..."
-                                               className="MuiDivider-root MuiDivider-fullWidth css-ove2lz-MuiDivider-..."
                                                role={undefined}
                                                aria-orientation={undefined}
                                                ref={null}
                                              >
                                          <Toolbar>
                                            <MuiToolbar-root as="div" className="MuiToolbar..." ref={null} ...>
                                              <Insertion>
                                              <div
+                                               className="MuiToolbar-root MuiToolbar-gutters MuiToolbar-regular mui-1..."
-                                               className="MuiToolbar-root MuiToolbar-gutters MuiToolbar-regular css-1..."
                                                ref={null}
                                              >
                                                <FooterLinks isLargeScreen={false}>
                                                  <Box style={{display:"flex", ...}}>
                                                    <Styled(div) as="div" ref={null} className="MuiBox-root" ...>
                                                      <Insertion>
                                                      <div
+                                                       className="MuiBox-root mui-0"
-                                                       className="MuiBox-root css-0"
                                                        style={{display:"flex",justifyContent:"center",flexGrow:1}}
                                                        ref={null}
                                                      >
                                                        <FooterLink to="/uses">
                                                          <a style={{...}} href="/uses">
                                                            <Typography variant="body2" color="inherit" style={{...}}>
                                                              <MuiTypography-root as="p" ref={null} ...>
                                                                <Insertion>
                                                                <p
+                                                                 className="MuiTypography-root MuiTypography-body2 mu..."
-                                                                 className="MuiTypography-root MuiTypography-body2 cs..."
                                                                  style={{paddingLeft:"1rem"}}
                                                                  ref={null}
                                                                >
+                                                                 Uses
                                                        <FooterLink to="/kudos">
                                                          <a style={{...}} href="/kudos">
                                                            <Typography variant="body2" color="inherit" style={{...}}>
                                                              <MuiTypography-root as="p" ref={null} ...>
                                                                <Insertion>
                                                                <p
+                                                                 className="MuiTypography-root MuiTypography-body2 mu..."
-                                                                 className="MuiTypography-root MuiTypography-body2 cs..."
                                                                  style={{paddingLeft:"1rem"}}
                                                                  ref={null}
                                                                >
+                                                                 Kudos
                                                        <FooterLink to="/values">
                                                          <a style={{...}} href="/values">
                                                            <Typography variant="body2" color="inherit" style={{...}}>
                                                              <MuiTypography-root as="p" ref={null} ...>
                                                                <Insertion>
                                                                <p
+                                                                 className="MuiTypography-root MuiTypography-body2 mu..."
-                                                                 className="MuiTypography-root MuiTypography-body2 cs..."
                                                                  style={{paddingLeft:"1rem"}}
                                                                  ref={null}
                                                                >
+                                                                 Values
                                                        <FooterLink to="https://gi...">
                                                          <a style={{...}} href="https://gi...">
                                                            <Typography variant="body2" color="inherit" style={{...}}>
                                                              <MuiTypography-root as="p" ref={null} ...>
                                                                <Insertion>
                                                                <p
+                                                                 className="MuiTypography-root MuiTypography-body2 mu..."
-                                                                 className="MuiTypography-root MuiTypography-body2 cs..."
                                                                  style={{paddingLeft:"1rem"}}
                                                                  ref={null}
                                                                >
+                                                                 Source code
                                                        <FooterLink to="/privacypo...">
                                                          <a style={{...}} href="/privacypo...">
                                                            <Typography variant="body2" color="inherit" style={{...}}>
                                                              <MuiTypography-root as="p" ref={null} ...>
                                                                <Insertion>
                                                                <p
+                                                                 className="MuiTypography-root MuiTypography-body2 mu..."
-                                                                 className="MuiTypography-root MuiTypography-body2 cs..."
                                                                  style={{paddingLeft:"1rem"}}
                                                                  ref={null}
                                                                >
+                                                                 Privacy policy
                          <AppBar position="static" color="transparent" elevation={0} style={{margin:"0...."}}>
                            <MuiAppBar-root square={true} component="header" ownerState={{position:"...", ...}} ...>
                              <Insertion>
                              <Paper square={true} component="header" elevation={0} className="MuiAppBar-..." ...>
                                <MuiPaper-root as="header" ownerState={{square:true, ...}} className="MuiPaper-r..." ...>
                                  <Insertion>
                                  <header
+                                   className="MuiPaper-root MuiPaper-elevation MuiPaper-elevation0 MuiAppBar-root Mui..."
-                                   className="MuiPaper-root MuiPaper-elevation MuiPaper-elevation0 MuiAppBar-root Mui..."
                                    style={{--Paper-shadow:"var(--mui-...",--Paper-overlay:"var(--mui-...",margin:"0.5rem"}}
                                    ref={null}
                                  >
                                    <IconBar>
                                      <Box style={{display:"flex", ...}}>
                                        <Styled(div) as="div" ref={null} className="MuiBox-root" theme={{...}} ...>
                                          <Insertion>
                                          <div
+                                           className="MuiBox-root mui-0"
-                                           className="MuiBox-root css-0"
                                            style={{display:"flex",justifyContent:"center",flexGrow:1}}
                                            ref={null}
                                          >
                                            <Icon url="http://lin...">
                                              <Box component="a" href="http://lin..." target="_blank" rel="noopener n..." ...>
                                                <Styled(div) as="a" ref={null} className="MuiBox-root" theme={{...}} ...>
                                                  <Insertion>
                                                  <a
+                                                   className="MuiBox-root mui-1y74x08"
-                                                   className="MuiBox-root css-1y74x08"
                                                    href="http://linkedin.com/in/vipinajayakumar"
                                                    target="_blank"
                                                    rel="noopener noreferrer"
                                                    ref={null}
                                                  >
                                            <Icon url="https://tw...">
                                              <Box component="a" href="https://tw..." target="_blank" rel="noopener n..." ...>
                                                <Styled(div) as="a" ref={null} className="MuiBox-root" theme={{...}} ...>
                                                  <Insertion>
                                                  <a
+                                                   className="MuiBox-root mui-1y74x08"
-                                                   className="MuiBox-root css-1y74x08"
                                                    href="https://twitter.com/vipinajayakumar"
                                                    target="_blank"
                                                    rel="noopener noreferrer"
                                                    ref={null}
                                                  >
                                            <Icon url="https://gi...">
                                              <Box component="a" href="https://gi..." target="_blank" rel="noopener n..." ...>
                                                <Styled(div) as="a" ref={null} className="MuiBox-root" theme={{...}} ...>
                                                  <Insertion>
                                                  <a
+                                                   className="MuiBox-root mui-1y74x08"
-                                                   className="MuiBox-root css-1y74x08"
                                                    href="https://github.com/bluprince13"
                                                    target="_blank"
                                                    rel="noopener noreferrer"
                                                    ref={null}
                                                  >
                                            <Icon url="https://ww...">
                                              <Box component="a" href="https://ww..." target="_blank" rel="noopener n..." ...>
                                                <Styled(div) as="a" ref={null} className="MuiBox-root" theme={{...}} ...>
                                                  <Insertion>
                                                  <a
+                                                   className="MuiBox-root mui-1y74x08"
-                                                   className="MuiBox-root css-1y74x08"
                                                    href="https://www.youtube.com/channel/UCyDgfMZyUxO6Ave0KxtxcCw"
                                                    target="_blank"
                                                    rel="noopener noreferrer"
                                                    ref={null}
                                                  >
                                            <Icon url="https://le..." network="letterboxd">
                                              <Box component="a" href="https://le..." target="_blank" rel="noopener n..." ...>
                                                <Styled(div) as="a" ref={null} className="MuiBox-root" theme={{...}} ...>
                                                  <Insertion>
                                                  <a
+                                                   className="MuiBox-root mui-1y74x08"
-                                                   className="MuiBox-root css-1y74x08"
                                                    href="https://letterboxd.com/vipinajayakumar/"
                                                    target="_blank"
                                                    rel="noopener noreferrer"
                                                    ref={null}
                                                  >
                                            <Icon url="https://ww..." network="goodreads">
                                              <Box component="a" href="https://ww..." target="_blank" rel="noopener n..." ...>
                                                <Styled(div) as="a" ref={null} className="MuiBox-root" theme={{...}} ...>
                                                  <Insertion>
                                                  <a
+                                                   className="MuiBox-root mui-1y74x08"
-                                                   className="MuiBox-root css-1y74x08"
                                                    href="https://www.goodreads.com/user/show/18863116-vipin-ajayakumar"
                                                    target="_blank"
                                                    rel="noopener noreferrer"
                                                    ref={null}
                                                  >
                                            <Icon url="/feed.xml" network="rss">
                                              <Box component="a" href="/feed.xml" target="_blank" rel="noopener n..." ...>
                                                <Styled(div) as="a" ref={null} className="MuiBox-root" theme={{...}} ...>
                                                  <Insertion>
                                                  <a
+                                                   className="MuiBox-root mui-1y74x08"
-                                                   className="MuiBox-root css-1y74x08"
                                                    href="/feed.xml"
                                                    target="_blank"
                                                    rel="noopener noreferrer"
                                                    ref={null}
                                                  >
                  ...
 @ http://localhost:3000/_next/static/chunks/node_modules_next_dist_0piy_.e._.js:4269
[    7990ms] [ERROR] `legacyBehavior` is deprecated and will be removed in a future release. A codemod is available to upgrade your components:

npx @next/codemod@latest new-link .

Learn more: https://nextjs.org/docs/app/building-your-application/upgrading/codemods#remove-a-tags-from-link-components @ http://localhost:3000/_next/static/chunks/node_modules_next_dist_0piy_.e._.js:4269
[    8004ms] [ERROR] React does not recognize the `%s` prop on a DOM element. If you intentionally want it to appear in the DOM as a custom attribute, spell it as lowercase `%s` instead. If you accidentally passed it from a parent component, remove it from the DOM element. getContentAnchorEl getcontentanchorel @ http://localhost:3000/_next/static/chunks/node_modules_next_dist_0piy_.e._.js:4269
[    9805ms] [LOG] %c[Vercel Web Analytics]%c Debug mode is enabled by default in development. No requests will be sent to the server. color: rgb(120, 120, 120) color: inherit @ http://localhost:3000/_next/static/chunks/node_modules_next_dist_0piy_.e._.js:3550
[    9817ms] [LOG] %c[Vercel Web Analytics]%c [view] http://localhost:3000/blog color: rgb(120, 120, 120) color: inherit {o: http://localhost:3000/blog, sv: 0.1.3, sdkn: @vercel/analytics/react, sdkv: 1.3.1, ts: 1779020986582} /_vercel/insights/view @ http://localhost:3000/_next/static/chunks/node_modules_next_dist_0piy_.e._.js:3550
[   20361ms] [LOG] %c[Vercel Speed Insights]%c Debug mode is enabled by default in development. No requests will be sent to the server. color: rgb(120, 120, 120) color: inherit @ http://localhost:3000/_next/static/chunks/node_modules_next_dist_0piy_.e._.js:3550
