[     956ms] [ERROR] Failed to load resource: the server responded with a status of 500 (Internal Server Error) @ http://localhost:3000/:0
[    2594ms] [INFO] %cDownload the React DevTools for a better development experience: https://react.dev/link/react-devtools font-weight:bold @ http://localhost:3000/_next/static/chunks/node_modules_react-dom_0bruynb._.js:15305
[    7009ms] Error: Objects are not valid as a React child (found: object with keys {$$typeof, type, key, ref, props, _owner, _store}). If you meant to render a collection of children, use an array instead.
    at retryNode (file:///Users/vipinajayakumar/intent/workspaces/smiling-cardinal/bluprince13-next/node_modules/react-dom/cjs/react-dom-server.edge.development.js:6822:17)
    at renderNodeDestructive (file:///Users/vipinajayakumar/intent/workspaces/smiling-cardinal/bluprince13-next/node_modules/react-dom/cjs/react-dom-server.edge.development.js:6715:11)
    at finishFunctionComponent (file:///Users/vipinajayakumar/intent/workspaces/smiling-cardinal/bluprince13-next/node_modules/react-dom/cjs/react-dom-server.edge.development.js:5443:13)
    at renderElement (file:///Users/vipinajayakumar/intent/workspaces/smiling-cardinal/bluprince13-next/node_modules/react-dom/cjs/react-dom-server.edge.development.js:6363:15)
    at retryNode (file:///Users/vipinajayakumar/intent/workspaces/smiling-cardinal/bluprince13-next/node_modules/react-dom/cjs/react-dom-server.edge.development.js:6765:31)
    at renderNodeDestructive (file:///Users/vipinajayakumar/intent/workspaces/smiling-cardinal/bluprince13-next/node_modules/react-dom/cjs/react-dom-server.edge.development.js:6715:11)
    at renderNode (file:///Users/vipinajayakumar/intent/workspaces/smiling-cardinal/bluprince13-next/node_modules/react-dom/cjs/react-dom-server.edge.development.js:7253:18)
    at renderElement (file:///Users/vipinajayakumar/intent/workspaces/smiling-cardinal/bluprince13-next/node_modules/react-dom/cjs/react-dom-server.edge.development.js:5954:18)
    at retryNode (file:///Users/vipinajayakumar/intent/workspaces/smiling-cardinal/bluprince13-next/node_modules/react-dom/cjs/react-dom-server.edge.development.js:6765:31)
    at renderNodeDestructive (file:///Users/vipinajayakumar/intent/workspaces/smiling-cardinal/bluprince13-next/node_modules/react-dom/cjs/react-dom-server.edge.development.js:6715:11)
    at renderNode (file:///Users/vipinajayakumar/intent/workspaces/smiling-cardinal/bluprince13-next/node_modules/react-dom/cjs/react-dom-server.edge.development.js:7253:18)
    at renderChildrenArray (file:///Users/vipinajayakumar/intent/workspaces/smiling-cardinal/bluprince13-next/node_modules/react-dom/cjs/react-dom-server.edge.development.js:7022:11)
    at retryNode (file:///Users/vipinajayakumar/intent/workspaces/smiling-cardinal/bluprince13-next/node_modules/react-dom/cjs/react-dom-server.edge.development.js:6789:13)
    at renderNodeDestructive (file:///Users/vipinajayakumar/intent/workspaces/smiling-cardinal/bluprince13-next/node_modules/react-dom/cjs/react-dom-server.edge.development.js:6715:11)
    at renderElement (file:///Users/vipinajayakumar/intent/workspaces/smiling-cardinal/bluprince13-next/node_modules/react-dom/cjs/react-dom-server.edge.development.js:6007:13)
    at retryNode (file:///Users/vipinajayakumar/intent/workspaces/smiling-cardinal/bluprince13-next/node_modules/react-dom/cjs/react-dom-server.edge.development.js:6765:31)
    at renderNodeDestructive (file:///Users/vipinajayakumar/intent/workspaces/smiling-cardinal/bluprince13-next/node_modules/react-dom/cjs/react-dom-server.edge.development.js:6715:11)
    at finishFunctionComponent (file:///Users/vipinajayakumar/intent/workspaces/smiling-cardinal/bluprince13-next/node_modules/react-dom/cjs/react-dom-server.edge.development.js:5443:13)
    at renderElement (file:///Users/vipinajayakumar/intent/workspaces/smiling-cardinal/bluprince13-next/node_modules/react-dom/cjs/react-dom-server.edge.development.js:5889:11)
    at retryNode (file:///Users/vipinajayakumar/intent/workspaces/smiling-cardinal/bluprince13-next/node_modules/react-dom/cjs/react-dom-server.edge.development.js:6765:31)
    at renderNodeDestructive (file:///Users/vipinajayakumar/intent/workspaces/smiling-cardinal/bluprince13-next/node_modules/react-dom/cjs/react-dom-server.edge.development.js:6715:11)
    at finishFunctionComponent (file:///Users/vipinajayakumar/intent/workspaces/smiling-cardinal/bluprince13-next/node_modules/react-dom/cjs/react-dom-server.edge.development.js:5443:13)
    at renderElement (file:///Users/vipinajayakumar/intent/workspaces/smiling-cardinal/bluprince13-next/node_modules/react-dom/cjs/react-dom-server.edge.development.js:6363:15)
    at retryNode (file:///Users/vipinajayakumar/intent/workspaces/smiling-cardinal/bluprince13-next/node_modules/react-dom/cjs/react-dom-server.edge.development.js:6765:31)
    at renderNodeDestructive (file:///Users/vipinajayakumar/intent/workspaces/smiling-cardinal/bluprince13-next/node_modules/react-dom/cjs/react-dom-server.edge.development.js:6715:11)
    at finishFunctionComponent (file:///Users/vipinajayakumar/intent/workspaces/smiling-cardinal/bluprince13-next/node_modules/react-dom/cjs/react-dom-server.edge.development.js:5443:13)
    at renderElement (file:///Users/vipinajayakumar/intent/workspaces/smiling-cardinal/bluprince13-next/node_modules/react-dom/cjs/react-dom-server.edge.development.js:5889:11)
    at retryNode (file:///Users/vipinajayakumar/intent/workspaces/smiling-cardinal/bluprince13-next/node_modules/react-dom/cjs/react-dom-server.edge.development.js:6765:31)
    at renderNodeDestructive (file:///Users/vipinajayakumar/intent/workspaces/smiling-cardinal/bluprince13-next/node_modules/react-dom/cjs/react-dom-server.edge.development.js:6715:11)
    at renderNode (file:///Users/vipinajayakumar/intent/workspaces/smiling-cardinal/bluprince13-next/node_modules/react-dom/cjs/react-dom-server.edge.development.js:7253:18)
    at renderChildrenArray (file:///Users/vipinajayakumar/intent/workspaces/smiling-cardinal/bluprince13-next/node_modules/react-dom/cjs/react-dom-server.edge.development.js:7022:11)
    at retryNode (file:///Users/vipinajayakumar/intent/workspaces/smiling-cardinal/bluprince13-next/node_modules/react-dom/cjs/react-dom-server.edge.development.js:6789:13)
    at renderNodeDestructive (file:///Users/vipinajayakumar/intent/workspaces/smiling-cardinal/bluprince13-next/node_modules/react-dom/cjs/react-dom-server.edge.development.js:6715:11)
    at renderNode (file:///Users/vipinajayakumar/intent/workspaces/smiling-cardinal/bluprince13-next/node_modules/react-dom/cjs/react-dom-server.edge.development.js:7253:18)
    at renderElement (file:///Users/vipinajayakumar/intent/workspaces/smiling-cardinal/bluprince13-next/node_modules/react-dom/cjs/react-dom-server.edge.development.js:5954:18)
    at retryNode (file:///Users/vipinajayakumar/intent/workspaces/smiling-cardinal/bluprince13-next/node_modules/react-dom/cjs/react-dom-server.edge.development.js:6765:31)
    at renderNodeDestructive (file:///Users/vipinajayakumar/intent/workspaces/smiling-cardinal/bluprince13-next/node_modules/react-dom/cjs/react-dom-server.edge.development.js:6715:11)
    at renderNode (file:///Users/vipinajayakumar/intent/workspaces/smiling-cardinal/bluprince13-next/node_modules/react-dom/cjs/react-dom-server.edge.development.js:7253:18)
    at renderChildrenArray (file:///Users/vipinajayakumar/intent/workspaces/smiling-cardinal/bluprince13-next/node_modules/react-dom/cjs/react-dom-server.edge.development.js:7022:11)
    at retryNode (file:///Users/vipinajayakumar/intent/workspaces/smiling-cardinal/bluprince13-next/node_modules/react-dom/cjs/react-dom-server.edge.development.js:6789:13)
    at renderNodeDestructive (file:///Users/vipinajayakumar/intent/workspaces/smiling-cardinal/bluprince13-next/node_modules/react-dom/cjs/react-dom-server.edge.development.js:6715:11)
    at renderElement (file:///Users/vipinajayakumar/intent/workspaces/smiling-cardinal/bluprince13-next/node_modules/react-dom/cjs/react-dom-server.edge.development.js:6007:13)
    at retryNode (file:///Users/vipinajayakumar/intent/workspaces/smiling-cardinal/bluprince13-next/node_modules/react-dom/cjs/react-dom-server.edge.development.js:6765:31)
    at renderNodeDestructive (file:///Users/vipinajayakumar/intent/workspaces/smiling-cardinal/bluprince13-next/node_modules/react-dom/cjs/react-dom-server.edge.development.js:6715:11)
    at finishFunctionComponent (file:///Users/vipinajayakumar/intent/workspaces/smiling-cardinal/bluprince13-next/node_modules/react-dom/cjs/react-dom-server.edge.development.js:5443:13)
    at renderElement (file:///Users/vipinajayakumar/intent/workspaces/smiling-cardinal/bluprince13-next/node_modules/react-dom/cjs/react-dom-server.edge.development.js:5889:11)
    at retryNode (file:///Users/vipinajayakumar/intent/workspaces/smiling-cardinal/bluprince13-next/node_modules/react-dom/cjs/react-dom-server.edge.development.js:6765:31)
    at renderNodeDestructive (file:///Users/vipinajayakumar/intent/workspaces/smiling-cardinal/bluprince13-next/node_modules/react-dom/cjs/react-dom-server.edge.development.js:6715:11)
    at finishFunctionComponent (file:///Users/vipinajayakumar/intent/workspaces/smiling-cardinal/bluprince13-next/node_modules/react-dom/cjs/react-dom-server.edge.development.js:5443:13)
    at renderElement (file:///Users/vipinajayakumar/intent/workspaces/smiling-cardinal/bluprince13-next/node_modules/react-dom/cjs/react-dom-server.edge.development.js:6363:15)
[    7121ms] [LOG] [HMR] connected @ http://localhost:3000/_next/static/chunks/node_modules_next_dist_0piy_.e._.js:3550
