[    1313ms] [LOG] [Fast Refresh] rebuilding @ http://localhost:3000/_next/static/chunks/node_modules_next_dist_0piy_.e._.js:3550
[    3007ms] [LOG] [Fast Refresh] done in 2324ms @ http://localhost:3000/_next/static/chunks/node_modules_next_dist_0piy_.e._.js:3550
[    3258ms] [ERROR] Failed to load resource: the server responded with a status of 500 (Internal Server Error) @ http://localhost:3000/values:0
[    4476ms] [INFO] %cDownload the React DevTools for a better development experience: https://react.dev/link/react-devtools font-weight:bold @ http://localhost:3000/_next/static/chunks/node_modules_react-dom_0bruynb._.js:15305
[    7909ms] Error: Objects are not valid as a React child (found: object with keys {$$typeof, type, key, ref, props, _owner, _store}). If you meant to render a collection of children, use an array instead.
    at retryNode (file:///Users/vipinajayakumar/intent/workspaces/smiling-cardinal/bluprince13-next/node_modules/react-dom/cjs/react-dom-server.edge.development.js:6822:17)
    at renderNodeDestructive (file:///Users/vipinajayakumar/intent/workspaces/smiling-cardinal/bluprince13-next/node_modules/react-dom/cjs/react-dom-server.edge.development.js:6715:11)
    at finishFunctionComponent (file:///Users/vipinajayakumar/intent/workspaces/smiling-cardinal/bluprince13-next/node_modules/react-dom/cjs/react-dom-server.edge.development.js:5443:13)
    at renderElement (file:///Users/vipinajayakumar/intent/workspaces/smiling-cardinal/bluprince13-next/node_modules/react-dom/cjs/react-dom-server.edge.development.js:6363:15)
    at retryNode (file:///Users/vipinajayakumar/intent/workspaces/smiling-cardinal/bluprince13-next/node_modules/react-dom/cjs/react-dom-server.edge.development.js:6765:31)
    at renderNodeDestructive (file:///Users/vipinajayakumar/intent/workspaces/smiling-cardinal/bluprince13-next/node_modules/react-dom/cjs/react-dom-server.edge.development.js:6715:11)
    at renderNode (file:///Users/vipinajayakumar/intent/workspaces/smiling-cardinal/bluprince13-next/node_modules/react-dom/cjs/react-dom-server.edge.development.js:7253:18)
    at renderElement (file:///Users/vipinajayakumar/intent/workspaces/smiling-cardinal/bluprince13-next/node_modules/react-dom/cjs/react-dom-server.edge.development.js:5954:18)
    at retryNode (file:///Users/vipinajayakumar/intent/workspaces/smiling-cardinal/bluprince13-next/node_modules/react-dom/cjs/react-dom-server.edge.development.js:6765:31)
    at renderNodeDestructive (file:///Users/vipinajayakumar/intent/workspaces/smiling-cardinal/bluprince13-next/node_modules/react-dom/cjs/react-dom-server.edge.development.js:6715:11)
    at renderNode (file:///Users/vipinajayakumar/intent/workspaces/smiling-cardinal/bluprince13-next/node_modules/react-dom/cjs/react-dom-server.edge.development.js:7253:18)
    at renderChildrenArray (file:///Users/vipinajayakumar/intent/workspaces/smiling-cardinal/bluprince13-next/node_modules/react-dom/cjs/react-dom-server.edge.development.js:7022:11)
    at retryNode (file:///Users/vipinajayakumar/intent/workspaces/smiling-cardinal/bluprince13-next/node_modules/react-dom/cjs/react-dom-server.edge.development.js:6789:13)
    at renderNodeDestructive (file:///Users/vipinajayakumar/intent/workspaces/smiling-cardinal/bluprince13-next/node_modules/react-dom/cjs/react-dom-server.edge.development.js:6715:11)
    at renderElement (file:///Users/vipinajayakumar/intent/workspaces/smiling-cardinal/bluprince13-next/node_modules/react-dom/cjs/react-dom-server.edge.development.js:6007:13)
    at retryNode (file:///Users/vipinajayakumar/intent/workspaces/smiling-cardinal/bluprince13-next/node_modules/react-dom/cjs/react-dom-server.edge.development.js:6765:31)
    at renderNodeDestructive (file:///Users/vipinajayakumar/intent/workspaces/smiling-cardinal/bluprince13-next/node_modules/react-dom/cjs/react-dom-server.edge.development.js:6715:11)
    at finishFunctionComponent (file:///Users/vipinajayakumar/intent/workspaces/smiling-cardinal/bluprince13-next/node_modules/react-dom/cjs/react-dom-server.edge.development.js:5443:13)
    at renderElement (file:///Users/vipinajayakumar/intent/workspaces/smiling-cardinal/bluprince13-next/node_modules/react-dom/cjs/react-dom-server.edge.development.js:5889:11)
    at retryNode (file:///Users/vipinajayakumar/intent/workspaces/smiling-cardinal/bluprince13-next/node_modules/react-dom/cjs/react-dom-server.edge.development.js:6765:31)
    at renderNodeDestructive (file:///Users/vipinajayakumar/intent/workspaces/smiling-cardinal/bluprince13-next/node_modules/react-dom/cjs/react-dom-server.edge.development.js:6715:11)
    at finishFunctionComponent (file:///Users/vipinajayakumar/intent/workspaces/smiling-cardinal/bluprince13-next/node_modules/react-dom/cjs/react-dom-server.edge.development.js:5443:13)
    at renderElement (file:///Users/vipinajayakumar/intent/workspaces/smiling-cardinal/bluprince13-next/node_modules/react-dom/cjs/react-dom-server.edge.development.js:6363:15)
    at retryNode (file:///Users/vipinajayakumar/intent/workspaces/smiling-cardinal/bluprince13-next/node_modules/react-dom/cjs/react-dom-server.edge.development.js:6765:31)
    at renderNodeDestructive (file:///Users/vipinajayakumar/intent/workspaces/smiling-cardinal/bluprince13-next/node_modules/react-dom/cjs/react-dom-server.edge.development.js:6715:11)
    at finishFunctionComponent (file:///Users/vipinajayakumar/intent/workspaces/smiling-cardinal/bluprince13-next/node_modules/react-dom/cjs/react-dom-server.edge.development.js:5443:13)
    at renderElement (file:///Users/vipinajayakumar/intent/workspaces/smiling-cardinal/bluprince13-next/node_modules/react-dom/cjs/react-dom-server.edge.development.js:5889:11)
    at retryNode (file:///Users/vipinajayakumar/intent/workspaces/smiling-cardinal/bluprince13-next/node_modules/react-dom/cjs/react-dom-server.edge.development.js:6765:31)
    at renderNodeDestructive (file:///Users/vipinajayakumar/intent/workspaces/smiling-cardinal/bluprince13-next/node_modules/react-dom/cjs/react-dom-server.edge.development.js:6715:11)
    at renderNode (file:///Users/vipinajayakumar/intent/workspaces/smiling-cardinal/bluprince13-next/node_modules/react-dom/cjs/react-dom-server.edge.development.js:7253:18)
    at renderChildrenArray (file:///Users/vipinajayakumar/intent/workspaces/smiling-cardinal/bluprince13-next/node_modules/react-dom/cjs/react-dom-server.edge.development.js:7022:11)
    at retryNode (file:///Users/vipinajayakumar/intent/workspaces/smiling-cardinal/bluprince13-next/node_modules/react-dom/cjs/react-dom-server.edge.development.js:6789:13)
    at renderNodeDestructive (file:///Users/vipinajayakumar/intent/workspaces/smiling-cardinal/bluprince13-next/node_modules/react-dom/cjs/react-dom-server.edge.development.js:6715:11)
    at renderNode (file:///Users/vipinajayakumar/intent/workspaces/smiling-cardinal/bluprince13-next/node_modules/react-dom/cjs/react-dom-server.edge.development.js:7253:18)
    at renderElement (file:///Users/vipinajayakumar/intent/workspaces/smiling-cardinal/bluprince13-next/node_modules/react-dom/cjs/react-dom-server.edge.development.js:5954:18)
    at retryNode (file:///Users/vipinajayakumar/intent/workspaces/smiling-cardinal/bluprince13-next/node_modules/react-dom/cjs/react-dom-server.edge.development.js:6765:31)
    at renderNodeDestructive (file:///Users/vipinajayakumar/intent/workspaces/smiling-cardinal/bluprince13-next/node_modules/react-dom/cjs/react-dom-server.edge.development.js:6715:11)
    at renderNode (file:///Users/vipinajayakumar/intent/workspaces/smiling-cardinal/bluprince13-next/node_modules/react-dom/cjs/react-dom-server.edge.development.js:7253:18)
    at renderChildrenArray (file:///Users/vipinajayakumar/intent/workspaces/smiling-cardinal/bluprince13-next/node_modules/react-dom/cjs/react-dom-server.edge.development.js:7022:11)
    at retryNode (file:///Users/vipinajayakumar/intent/workspaces/smiling-cardinal/bluprince13-next/node_modules/react-dom/cjs/react-dom-server.edge.development.js:6789:13)
    at renderNodeDestructive (file:///Users/vipinajayakumar/intent/workspaces/smiling-cardinal/bluprince13-next/node_modules/react-dom/cjs/react-dom-server.edge.development.js:6715:11)
    at renderElement (file:///Users/vipinajayakumar/intent/workspaces/smiling-cardinal/bluprince13-next/node_modules/react-dom/cjs/react-dom-server.edge.development.js:6007:13)
    at retryNode (file:///Users/vipinajayakumar/intent/workspaces/smiling-cardinal/bluprince13-next/node_modules/react-dom/cjs/react-dom-server.edge.development.js:6765:31)
    at renderNodeDestructive (file:///Users/vipinajayakumar/intent/workspaces/smiling-cardinal/bluprince13-next/node_modules/react-dom/cjs/react-dom-server.edge.development.js:6715:11)
    at finishFunctionComponent (file:///Users/vipinajayakumar/intent/workspaces/smiling-cardinal/bluprince13-next/node_modules/react-dom/cjs/react-dom-server.edge.development.js:5443:13)
    at renderElement (file:///Users/vipinajayakumar/intent/workspaces/smiling-cardinal/bluprince13-next/node_modules/react-dom/cjs/react-dom-server.edge.development.js:5889:11)
    at retryNode (file:///Users/vipinajayakumar/intent/workspaces/smiling-cardinal/bluprince13-next/node_modules/react-dom/cjs/react-dom-server.edge.development.js:6765:31)
    at renderNodeDestructive (file:///Users/vipinajayakumar/intent/workspaces/smiling-cardinal/bluprince13-next/node_modules/react-dom/cjs/react-dom-server.edge.development.js:6715:11)
    at finishFunctionComponent (file:///Users/vipinajayakumar/intent/workspaces/smiling-cardinal/bluprince13-next/node_modules/react-dom/cjs/react-dom-server.edge.development.js:5443:13)
    at renderElement (file:///Users/vipinajayakumar/intent/workspaces/smiling-cardinal/bluprince13-next/node_modules/react-dom/cjs/react-dom-server.edge.development.js:6363:15)
[    7909ms] [LOG] [HMR] connected @ http://localhost:3000/_next/static/chunks/node_modules_next_dist_0piy_.e._.js:3550
[   16913ms] [LOG] [Fast Refresh] rebuilding @ http://localhost:3000/_next/static/chunks/node_modules_next_dist_0piy_.e._.js:3550
[   17469ms] [LOG] [Fast Refresh] done in 656ms @ http://localhost:3000/_next/static/chunks/node_modules_next_dist_0piy_.e._.js:3550
[  265263ms] [WARNING] [Fast Refresh] performing full reload because your application had an unrecoverable error @ http://localhost:3000/_next/static/chunks/node_modules_next_dist_0piy_.e._.js:3550
[  265482ms] [LOG] [Fast Refresh] rebuilding @ http://localhost:3000/_next/static/chunks/node_modules_next_dist_0piy_.e._.js:3550
[  267692ms] [ERROR] Failed to load resource: the server responded with a status of 500 (Internal Server Error) @ http://localhost:3000/values:0
[  268198ms] [INFO] %cDownload the React DevTools for a better development experience: https://react.dev/link/react-devtools font-weight:bold @ http://localhost:3000/_next/static/chunks/node_modules_react-dom_0bruynb._.js:15305
[  271449ms] ReferenceError: GoogleAnalytics is not defined
    at AppBody (file:///Users/vipinajayakumar/intent/workspaces/smiling-cardinal/bluprince13-next/.next/dev/server/chunks/ssr/[root-of-the-server]__0cp5y1.._.js:1023:192)
    at Object.react_stack_bottom_frame (file:///Users/vipinajayakumar/intent/workspaces/smiling-cardinal/bluprince13-next/node_modules/react-dom/cjs/react-dom-server.edge.development.js:10313:18)
    at renderWithHooks (file:///Users/vipinajayakumar/intent/workspaces/smiling-cardinal/bluprince13-next/node_modules/react-dom/cjs/react-dom-server.edge.development.js:5399:19)
    at renderElement (file:///Users/vipinajayakumar/intent/workspaces/smiling-cardinal/bluprince13-next/node_modules/react-dom/cjs/react-dom-server.edge.development.js:5834:23)
    at retryNode (file:///Users/vipinajayakumar/intent/workspaces/smiling-cardinal/bluprince13-next/node_modules/react-dom/cjs/react-dom-server.edge.development.js:6765:31)
    at renderNodeDestructive (file:///Users/vipinajayakumar/intent/workspaces/smiling-cardinal/bluprince13-next/node_modules/react-dom/cjs/react-dom-server.edge.development.js:6715:11)
    at renderNode (file:///Users/vipinajayakumar/intent/workspaces/smiling-cardinal/bluprince13-next/node_modules/react-dom/cjs/react-dom-server.edge.development.js:7253:18)
    at renderChildrenArray (file:///Users/vipinajayakumar/intent/workspaces/smiling-cardinal/bluprince13-next/node_modules/react-dom/cjs/react-dom-server.edge.development.js:7022:11)
    at retryNode (file:///Users/vipinajayakumar/intent/workspaces/smiling-cardinal/bluprince13-next/node_modules/react-dom/cjs/react-dom-server.edge.development.js:6789:13)
    at renderNodeDestructive (file:///Users/vipinajayakumar/intent/workspaces/smiling-cardinal/bluprince13-next/node_modules/react-dom/cjs/react-dom-server.edge.development.js:6715:11)
    at renderNode (file:///Users/vipinajayakumar/intent/workspaces/smiling-cardinal/bluprince13-next/node_modules/react-dom/cjs/react-dom-server.edge.development.js:7253:18)
    at renderElement (file:///Users/vipinajayakumar/intent/workspaces/smiling-cardinal/bluprince13-next/node_modules/react-dom/cjs/react-dom-server.edge.development.js:5954:18)
    at retryNode (file:///Users/vipinajayakumar/intent/workspaces/smiling-cardinal/bluprince13-next/node_modules/react-dom/cjs/react-dom-server.edge.development.js:6765:31)
    at renderNodeDestructive (file:///Users/vipinajayakumar/intent/workspaces/smiling-cardinal/bluprince13-next/node_modules/react-dom/cjs/react-dom-server.edge.development.js:6715:11)
    at renderElement (file:///Users/vipinajayakumar/intent/workspaces/smiling-cardinal/bluprince13-next/node_modules/react-dom/cjs/react-dom-server.edge.development.js:6401:15)
    at retryNode (file:///Users/vipinajayakumar/intent/workspaces/smiling-cardinal/bluprince13-next/node_modules/react-dom/cjs/react-dom-server.edge.development.js:6765:31)
    at renderNodeDestructive (file:///Users/vipinajayakumar/intent/workspaces/smiling-cardinal/bluprince13-next/node_modules/react-dom/cjs/react-dom-server.edge.development.js:6715:11)
    at finishFunctionComponent (file:///Users/vipinajayakumar/intent/workspaces/smiling-cardinal/bluprince13-next/node_modules/react-dom/cjs/react-dom-server.edge.development.js:5443:13)
    at renderElement (file:///Users/vipinajayakumar/intent/workspaces/smiling-cardinal/bluprince13-next/node_modules/react-dom/cjs/react-dom-server.edge.development.js:5889:11)
    at retryNode (file:///Users/vipinajayakumar/intent/workspaces/smiling-cardinal/bluprince13-next/node_modules/react-dom/cjs/react-dom-server.edge.development.js:6765:31)
    at renderNodeDestructive (file:///Users/vipinajayakumar/intent/workspaces/smiling-cardinal/bluprince13-next/node_modules/react-dom/cjs/react-dom-server.edge.development.js:6715:11)
    at finishFunctionComponent (file:///Users/vipinajayakumar/intent/workspaces/smiling-cardinal/bluprince13-next/node_modules/react-dom/cjs/react-dom-server.edge.development.js:5443:13)
    at renderElement (file:///Users/vipinajayakumar/intent/workspaces/smiling-cardinal/bluprince13-next/node_modules/react-dom/cjs/react-dom-server.edge.development.js:5889:11)
    at retryNode (file:///Users/vipinajayakumar/intent/workspaces/smiling-cardinal/bluprince13-next/node_modules/react-dom/cjs/react-dom-server.edge.development.js:6765:31)
    at renderNodeDestructive (file:///Users/vipinajayakumar/intent/workspaces/smiling-cardinal/bluprince13-next/node_modules/react-dom/cjs/react-dom-server.edge.development.js:6715:11)
    at finishFunctionComponent (file:///Users/vipinajayakumar/intent/workspaces/smiling-cardinal/bluprince13-next/node_modules/react-dom/cjs/react-dom-server.edge.development.js:5443:13)
    at renderElement (file:///Users/vipinajayakumar/intent/workspaces/smiling-cardinal/bluprince13-next/node_modules/react-dom/cjs/react-dom-server.edge.development.js:5889:11)
    at retryNode (file:///Users/vipinajayakumar/intent/workspaces/smiling-cardinal/bluprince13-next/node_modules/react-dom/cjs/react-dom-server.edge.development.js:6765:31)
    at renderNodeDestructive (file:///Users/vipinajayakumar/intent/workspaces/smiling-cardinal/bluprince13-next/node_modules/react-dom/cjs/react-dom-server.edge.development.js:6715:11)
    at renderNode (file:///Users/vipinajayakumar/intent/workspaces/smiling-cardinal/bluprince13-next/node_modules/react-dom/cjs/react-dom-server.edge.development.js:7253:18)
    at renderChildrenArray (file:///Users/vipinajayakumar/intent/workspaces/smiling-cardinal/bluprince13-next/node_modules/react-dom/cjs/react-dom-server.edge.development.js:7022:11)
    at retryNode (file:///Users/vipinajayakumar/intent/workspaces/smiling-cardinal/bluprince13-next/node_modules/react-dom/cjs/react-dom-server.edge.development.js:6789:13)
    at renderNodeDestructive (file:///Users/vipinajayakumar/intent/workspaces/smiling-cardinal/bluprince13-next/node_modules/react-dom/cjs/react-dom-server.edge.development.js:6715:11)
    at renderElement (file:///Users/vipinajayakumar/intent/workspaces/smiling-cardinal/bluprince13-next/node_modules/react-dom/cjs/react-dom-server.edge.development.js:6007:13)
    at retryNode (file:///Users/vipinajayakumar/intent/workspaces/smiling-cardinal/bluprince13-next/node_modules/react-dom/cjs/react-dom-server.edge.development.js:6765:31)
    at renderNodeDestructive (file:///Users/vipinajayakumar/intent/workspaces/smiling-cardinal/bluprince13-next/node_modules/react-dom/cjs/react-dom-server.edge.development.js:6715:11)
    at renderElement (file:///Users/vipinajayakumar/intent/workspaces/smiling-cardinal/bluprince13-next/node_modules/react-dom/cjs/react-dom-server.edge.development.js:6401:15)
    at retryNode (file:///Users/vipinajayakumar/intent/workspaces/smiling-cardinal/bluprince13-next/node_modules/react-dom/cjs/react-dom-server.edge.development.js:6765:31)
    at renderNodeDestructive (file:///Users/vipinajayakumar/intent/workspaces/smiling-cardinal/bluprince13-next/node_modules/react-dom/cjs/react-dom-server.edge.development.js:6715:11)
    at renderElement (file:///Users/vipinajayakumar/intent/workspaces/smiling-cardinal/bluprince13-next/node_modules/react-dom/cjs/react-dom-server.edge.development.js:6401:15)
    at retryNode (file:///Users/vipinajayakumar/intent/workspaces/smiling-cardinal/bluprince13-next/node_modules/react-dom/cjs/react-dom-server.edge.development.js:6765:31)
    at renderNodeDestructive (file:///Users/vipinajayakumar/intent/workspaces/smiling-cardinal/bluprince13-next/node_modules/react-dom/cjs/react-dom-server.edge.development.js:6715:11)
    at finishFunctionComponent (file:///Users/vipinajayakumar/intent/workspaces/smiling-cardinal/bluprince13-next/node_modules/react-dom/cjs/react-dom-server.edge.development.js:5443:13)
    at renderElement (file:///Users/vipinajayakumar/intent/workspaces/smiling-cardinal/bluprince13-next/node_modules/react-dom/cjs/react-dom-server.edge.development.js:5889:11)
    at retryNode (file:///Users/vipinajayakumar/intent/workspaces/smiling-cardinal/bluprince13-next/node_modules/react-dom/cjs/react-dom-server.edge.development.js:6765:31)
    at renderNodeDestructive (file:///Users/vipinajayakumar/intent/workspaces/smiling-cardinal/bluprince13-next/node_modules/react-dom/cjs/react-dom-server.edge.development.js:6715:11)
    at renderElement (file:///Users/vipinajayakumar/intent/workspaces/smiling-cardinal/bluprince13-next/node_modules/react-dom/cjs/react-dom-server.edge.development.js:6401:15)
    at retryNode (file:///Users/vipinajayakumar/intent/workspaces/smiling-cardinal/bluprince13-next/node_modules/react-dom/cjs/react-dom-server.edge.development.js:6765:31)
    at renderNodeDestructive (file:///Users/vipinajayakumar/intent/workspaces/smiling-cardinal/bluprince13-next/node_modules/react-dom/cjs/react-dom-server.edge.development.js:6715:11)
    at renderElement (file:///Users/vipinajayakumar/intent/workspaces/smiling-cardinal/bluprince13-next/node_modules/react-dom/cjs/react-dom-server.edge.development.js:6401:15)
[  271464ms] [LOG] [HMR] connected @ http://localhost:3000/_next/static/chunks/node_modules_next_dist_0piy_.e._.js:3550
[  276584ms] [WARNING] [Fast Refresh] performing full reload because your application had an unrecoverable error @ http://localhost:3000/_next/static/chunks/node_modules_next_dist_0piy_.e._.js:3550
[  276584ms] [LOG] [Fast Refresh] rebuilding @ http://localhost:3000/_next/static/chunks/node_modules_next_dist_0piy_.e._.js:3550
[  276962ms] [WARNING] [Fast Refresh] performing full reload because your application had an unrecoverable error @ http://localhost:3000/_next/static/chunks/node_modules_next_dist_0piy_.e._.js:3550
[  277004ms] [LOG] [Fast Refresh] done in 167ms @ http://localhost:3000/_next/static/chunks/node_modules_next_dist_0piy_.e._.js:3550
[  278228ms] [ERROR] Failed to load resource: the server responded with a status of 500 (Internal Server Error) @ http://localhost:3000/values:0
[  278942ms] [INFO] %cDownload the React DevTools for a better development experience: https://react.dev/link/react-devtools font-weight:bold @ http://localhost:3000/_next/static/chunks/node_modules_react-dom_0bruynb._.js:15305
[  280098ms] Error: Objects are not valid as a React child (found: object with keys {$$typeof, type, key, ref, props, _owner, _store}). If you meant to render a collection of children, use an array instead.
    at retryNode (file:///Users/vipinajayakumar/intent/workspaces/smiling-cardinal/bluprince13-next/node_modules/react-dom/cjs/react-dom-server.edge.development.js:6822:17)
    at renderNodeDestructive (file:///Users/vipinajayakumar/intent/workspaces/smiling-cardinal/bluprince13-next/node_modules/react-dom/cjs/react-dom-server.edge.development.js:6715:11)
    at finishFunctionComponent (file:///Users/vipinajayakumar/intent/workspaces/smiling-cardinal/bluprince13-next/node_modules/react-dom/cjs/react-dom-server.edge.development.js:5443:13)
    at renderElement (file:///Users/vipinajayakumar/intent/workspaces/smiling-cardinal/bluprince13-next/node_modules/react-dom/cjs/react-dom-server.edge.development.js:6363:15)
    at retryNode (file:///Users/vipinajayakumar/intent/workspaces/smiling-cardinal/bluprince13-next/node_modules/react-dom/cjs/react-dom-server.edge.development.js:6765:31)
    at renderNodeDestructive (file:///Users/vipinajayakumar/intent/workspaces/smiling-cardinal/bluprince13-next/node_modules/react-dom/cjs/react-dom-server.edge.development.js:6715:11)
    at renderNode (file:///Users/vipinajayakumar/intent/workspaces/smiling-cardinal/bluprince13-next/node_modules/react-dom/cjs/react-dom-server.edge.development.js:7253:18)
    at renderElement (file:///Users/vipinajayakumar/intent/workspaces/smiling-cardinal/bluprince13-next/node_modules/react-dom/cjs/react-dom-server.edge.development.js:5954:18)
    at retryNode (file:///Users/vipinajayakumar/intent/workspaces/smiling-cardinal/bluprince13-next/node_modules/react-dom/cjs/react-dom-server.edge.development.js:6765:31)
    at renderNodeDestructive (file:///Users/vipinajayakumar/intent/workspaces/smiling-cardinal/bluprince13-next/node_modules/react-dom/cjs/react-dom-server.edge.development.js:6715:11)
    at renderNode (file:///Users/vipinajayakumar/intent/workspaces/smiling-cardinal/bluprince13-next/node_modules/react-dom/cjs/react-dom-server.edge.development.js:7253:18)
    at renderChildrenArray (file:///Users/vipinajayakumar/intent/workspaces/smiling-cardinal/bluprince13-next/node_modules/react-dom/cjs/react-dom-server.edge.development.js:7022:11)
    at retryNode (file:///Users/vipinajayakumar/intent/workspaces/smiling-cardinal/bluprince13-next/node_modules/react-dom/cjs/react-dom-server.edge.development.js:6789:13)
    at renderNodeDestructive (file:///Users/vipinajayakumar/intent/workspaces/smiling-cardinal/bluprince13-next/node_modules/react-dom/cjs/react-dom-server.edge.development.js:6715:11)
    at renderElement (file:///Users/vipinajayakumar/intent/workspaces/smiling-cardinal/bluprince13-next/node_modules/react-dom/cjs/react-dom-server.edge.development.js:6007:13)
    at retryNode (file:///Users/vipinajayakumar/intent/workspaces/smiling-cardinal/bluprince13-next/node_modules/react-dom/cjs/react-dom-server.edge.development.js:6765:31)
    at renderNodeDestructive (file:///Users/vipinajayakumar/intent/workspaces/smiling-cardinal/bluprince13-next/node_modules/react-dom/cjs/react-dom-server.edge.development.js:6715:11)
    at finishFunctionComponent (file:///Users/vipinajayakumar/intent/workspaces/smiling-cardinal/bluprince13-next/node_modules/react-dom/cjs/react-dom-server.edge.development.js:5443:13)
    at renderElement (file:///Users/vipinajayakumar/intent/workspaces/smiling-cardinal/bluprince13-next/node_modules/react-dom/cjs/react-dom-server.edge.development.js:5889:11)
    at retryNode (file:///Users/vipinajayakumar/intent/workspaces/smiling-cardinal/bluprince13-next/node_modules/react-dom/cjs/react-dom-server.edge.development.js:6765:31)
    at renderNodeDestructive (file:///Users/vipinajayakumar/intent/workspaces/smiling-cardinal/bluprince13-next/node_modules/react-dom/cjs/react-dom-server.edge.development.js:6715:11)
    at finishFunctionComponent (file:///Users/vipinajayakumar/intent/workspaces/smiling-cardinal/bluprince13-next/node_modules/react-dom/cjs/react-dom-server.edge.development.js:5443:13)
    at renderElement (file:///Users/vipinajayakumar/intent/workspaces/smiling-cardinal/bluprince13-next/node_modules/react-dom/cjs/react-dom-server.edge.development.js:6363:15)
    at retryNode (file:///Users/vipinajayakumar/intent/workspaces/smiling-cardinal/bluprince13-next/node_modules/react-dom/cjs/react-dom-server.edge.development.js:6765:31)
    at renderNodeDestructive (file:///Users/vipinajayakumar/intent/workspaces/smiling-cardinal/bluprince13-next/node_modules/react-dom/cjs/react-dom-server.edge.development.js:6715:11)
    at finishFunctionComponent (file:///Users/vipinajayakumar/intent/workspaces/smiling-cardinal/bluprince13-next/node_modules/react-dom/cjs/react-dom-server.edge.development.js:5443:13)
    at renderElement (file:///Users/vipinajayakumar/intent/workspaces/smiling-cardinal/bluprince13-next/node_modules/react-dom/cjs/react-dom-server.edge.development.js:5889:11)
    at retryNode (file:///Users/vipinajayakumar/intent/workspaces/smiling-cardinal/bluprince13-next/node_modules/react-dom/cjs/react-dom-server.edge.development.js:6765:31)
    at renderNodeDestructive (file:///Users/vipinajayakumar/intent/workspaces/smiling-cardinal/bluprince13-next/node_modules/react-dom/cjs/react-dom-server.edge.development.js:6715:11)
    at renderNode (file:///Users/vipinajayakumar/intent/workspaces/smiling-cardinal/bluprince13-next/node_modules/react-dom/cjs/react-dom-server.edge.development.js:7253:18)
    at renderChildrenArray (file:///Users/vipinajayakumar/intent/workspaces/smiling-cardinal/bluprince13-next/node_modules/react-dom/cjs/react-dom-server.edge.development.js:7022:11)
    at retryNode (file:///Users/vipinajayakumar/intent/workspaces/smiling-cardinal/bluprince13-next/node_modules/react-dom/cjs/react-dom-server.edge.development.js:6789:13)
    at renderNodeDestructive (file:///Users/vipinajayakumar/intent/workspaces/smiling-cardinal/bluprince13-next/node_modules/react-dom/cjs/react-dom-server.edge.development.js:6715:11)
    at renderNode (file:///Users/vipinajayakumar/intent/workspaces/smiling-cardinal/bluprince13-next/node_modules/react-dom/cjs/react-dom-server.edge.development.js:7253:18)
    at renderElement (file:///Users/vipinajayakumar/intent/workspaces/smiling-cardinal/bluprince13-next/node_modules/react-dom/cjs/react-dom-server.edge.development.js:5954:18)
    at retryNode (file:///Users/vipinajayakumar/intent/workspaces/smiling-cardinal/bluprince13-next/node_modules/react-dom/cjs/react-dom-server.edge.development.js:6765:31)
    at renderNodeDestructive (file:///Users/vipinajayakumar/intent/workspaces/smiling-cardinal/bluprince13-next/node_modules/react-dom/cjs/react-dom-server.edge.development.js:6715:11)
    at renderNode (file:///Users/vipinajayakumar/intent/workspaces/smiling-cardinal/bluprince13-next/node_modules/react-dom/cjs/react-dom-server.edge.development.js:7253:18)
    at renderChildrenArray (file:///Users/vipinajayakumar/intent/workspaces/smiling-cardinal/bluprince13-next/node_modules/react-dom/cjs/react-dom-server.edge.development.js:7022:11)
    at retryNode (file:///Users/vipinajayakumar/intent/workspaces/smiling-cardinal/bluprince13-next/node_modules/react-dom/cjs/react-dom-server.edge.development.js:6789:13)
    at renderNodeDestructive (file:///Users/vipinajayakumar/intent/workspaces/smiling-cardinal/bluprince13-next/node_modules/react-dom/cjs/react-dom-server.edge.development.js:6715:11)
    at renderElement (file:///Users/vipinajayakumar/intent/workspaces/smiling-cardinal/bluprince13-next/node_modules/react-dom/cjs/react-dom-server.edge.development.js:6007:13)
    at retryNode (file:///Users/vipinajayakumar/intent/workspaces/smiling-cardinal/bluprince13-next/node_modules/react-dom/cjs/react-dom-server.edge.development.js:6765:31)
    at renderNodeDestructive (file:///Users/vipinajayakumar/intent/workspaces/smiling-cardinal/bluprince13-next/node_modules/react-dom/cjs/react-dom-server.edge.development.js:6715:11)
    at finishFunctionComponent (file:///Users/vipinajayakumar/intent/workspaces/smiling-cardinal/bluprince13-next/node_modules/react-dom/cjs/react-dom-server.edge.development.js:5443:13)
    at renderElement (file:///Users/vipinajayakumar/intent/workspaces/smiling-cardinal/bluprince13-next/node_modules/react-dom/cjs/react-dom-server.edge.development.js:5889:11)
    at retryNode (file:///Users/vipinajayakumar/intent/workspaces/smiling-cardinal/bluprince13-next/node_modules/react-dom/cjs/react-dom-server.edge.development.js:6765:31)
    at renderNodeDestructive (file:///Users/vipinajayakumar/intent/workspaces/smiling-cardinal/bluprince13-next/node_modules/react-dom/cjs/react-dom-server.edge.development.js:6715:11)
    at finishFunctionComponent (file:///Users/vipinajayakumar/intent/workspaces/smiling-cardinal/bluprince13-next/node_modules/react-dom/cjs/react-dom-server.edge.development.js:5443:13)
    at renderElement (file:///Users/vipinajayakumar/intent/workspaces/smiling-cardinal/bluprince13-next/node_modules/react-dom/cjs/react-dom-server.edge.development.js:6363:15)
[  280113ms] [LOG] [HMR] connected @ http://localhost:3000/_next/static/chunks/node_modules_next_dist_0piy_.e._.js:3550
[  299430ms] [LOG] [Fast Refresh] rebuilding @ http://localhost:3000/_next/static/chunks/node_modules_next_dist_0piy_.e._.js:3550
[  299455ms] [LOG] [Fast Refresh] done in 378ms @ http://localhost:3000/_next/static/chunks/node_modules_next_dist_0piy_.e._.js:3550
[  313375ms] [ERROR] WebSocket connection to 'ws://localhost:3000/_next/webpack-hmr' failed: Error in connection establishment: net::ERR_CONNECTION_REFUSED @ http://localhost:3000/_next/static/chunks/node_modules_next_dist_client_1282577._.js:2343
[  314389ms] [ERROR] WebSocket connection to 'ws://localhost:3000/_next/webpack-hmr' failed: Error in connection establishment: net::ERR_CONNECTION_REFUSED @ http://localhost:3000/_next/static/chunks/node_modules_next_dist_client_1282577._.js:2343
[  315423ms] [LOG] [HMR] connected @ http://localhost:3000/_next/static/chunks/node_modules_next_dist_0piy_.e._.js:3550
[  317374ms] [ERROR] Failed to load resource: the server responded with a status of 500 (Internal Server Error) @ http://localhost:3000/values:0
[  318441ms] [INFO] %cDownload the React DevTools for a better development experience: https://react.dev/link/react-devtools font-weight:bold @ http://localhost:3000/_next/static/chunks/node_modules_react-dom_0bruynb._.js:15305
[  320996ms] Error: Objects are not valid as a React child (found: object with keys {$$typeof, type, key, ref, props, _owner, _store}). If you meant to render a collection of children, use an array instead.
    at retryNode (file:///Users/vipinajayakumar/intent/workspaces/smiling-cardinal/bluprince13-next/node_modules/react-dom/cjs/react-dom-server.edge.development.js:6822:17)
    at renderNodeDestructive (file:///Users/vipinajayakumar/intent/workspaces/smiling-cardinal/bluprince13-next/node_modules/react-dom/cjs/react-dom-server.edge.development.js:6715:11)
    at finishFunctionComponent (file:///Users/vipinajayakumar/intent/workspaces/smiling-cardinal/bluprince13-next/node_modules/react-dom/cjs/react-dom-server.edge.development.js:5443:13)
    at renderElement (file:///Users/vipinajayakumar/intent/workspaces/smiling-cardinal/bluprince13-next/node_modules/react-dom/cjs/react-dom-server.edge.development.js:6363:15)
    at retryNode (file:///Users/vipinajayakumar/intent/workspaces/smiling-cardinal/bluprince13-next/node_modules/react-dom/cjs/react-dom-server.edge.development.js:6765:31)
    at renderNodeDestructive (file:///Users/vipinajayakumar/intent/workspaces/smiling-cardinal/bluprince13-next/node_modules/react-dom/cjs/react-dom-server.edge.development.js:6715:11)
    at renderNode (file:///Users/vipinajayakumar/intent/workspaces/smiling-cardinal/bluprince13-next/node_modules/react-dom/cjs/react-dom-server.edge.development.js:7253:18)
    at renderElement (file:///Users/vipinajayakumar/intent/workspaces/smiling-cardinal/bluprince13-next/node_modules/react-dom/cjs/react-dom-server.edge.development.js:5954:18)
    at retryNode (file:///Users/vipinajayakumar/intent/workspaces/smiling-cardinal/bluprince13-next/node_modules/react-dom/cjs/react-dom-server.edge.development.js:6765:31)
    at renderNodeDestructive (file:///Users/vipinajayakumar/intent/workspaces/smiling-cardinal/bluprince13-next/node_modules/react-dom/cjs/react-dom-server.edge.development.js:6715:11)
    at renderNode (file:///Users/vipinajayakumar/intent/workspaces/smiling-cardinal/bluprince13-next/node_modules/react-dom/cjs/react-dom-server.edge.development.js:7253:18)
    at renderChildrenArray (file:///Users/vipinajayakumar/intent/workspaces/smiling-cardinal/bluprince13-next/node_modules/react-dom/cjs/react-dom-server.edge.development.js:7022:11)
    at retryNode (file:///Users/vipinajayakumar/intent/workspaces/smiling-cardinal/bluprince13-next/node_modules/react-dom/cjs/react-dom-server.edge.development.js:6789:13)
    at renderNodeDestructive (file:///Users/vipinajayakumar/intent/workspaces/smiling-cardinal/bluprince13-next/node_modules/react-dom/cjs/react-dom-server.edge.development.js:6715:11)
    at renderElement (file:///Users/vipinajayakumar/intent/workspaces/smiling-cardinal/bluprince13-next/node_modules/react-dom/cjs/react-dom-server.edge.development.js:6007:13)
    at retryNode (file:///Users/vipinajayakumar/intent/workspaces/smiling-cardinal/bluprince13-next/node_modules/react-dom/cjs/react-dom-server.edge.development.js:6765:31)
    at renderNodeDestructive (file:///Users/vipinajayakumar/intent/workspaces/smiling-cardinal/bluprince13-next/node_modules/react-dom/cjs/react-dom-server.edge.development.js:6715:11)
    at finishFunctionComponent (file:///Users/vipinajayakumar/intent/workspaces/smiling-cardinal/bluprince13-next/node_modules/react-dom/cjs/react-dom-server.edge.development.js:5443:13)
    at renderElement (file:///Users/vipinajayakumar/intent/workspaces/smiling-cardinal/bluprince13-next/node_modules/react-dom/cjs/react-dom-server.edge.development.js:5889:11)
    at retryNode (file:///Users/vipinajayakumar/intent/workspaces/smiling-cardinal/bluprince13-next/node_modules/react-dom/cjs/react-dom-server.edge.development.js:6765:31)
    at renderNodeDestructive (file:///Users/vipinajayakumar/intent/workspaces/smiling-cardinal/bluprince13-next/node_modules/react-dom/cjs/react-dom-server.edge.development.js:6715:11)
    at finishFunctionComponent (file:///Users/vipinajayakumar/intent/workspaces/smiling-cardinal/bluprince13-next/node_modules/react-dom/cjs/react-dom-server.edge.development.js:5443:13)
    at renderElement (file:///Users/vipinajayakumar/intent/workspaces/smiling-cardinal/bluprince13-next/node_modules/react-dom/cjs/react-dom-server.edge.development.js:6363:15)
    at retryNode (file:///Users/vipinajayakumar/intent/workspaces/smiling-cardinal/bluprince13-next/node_modules/react-dom/cjs/react-dom-server.edge.development.js:6765:31)
    at renderNodeDestructive (file:///Users/vipinajayakumar/intent/workspaces/smiling-cardinal/bluprince13-next/node_modules/react-dom/cjs/react-dom-server.edge.development.js:6715:11)
    at finishFunctionComponent (file:///Users/vipinajayakumar/intent/workspaces/smiling-cardinal/bluprince13-next/node_modules/react-dom/cjs/react-dom-server.edge.development.js:5443:13)
    at renderElement (file:///Users/vipinajayakumar/intent/workspaces/smiling-cardinal/bluprince13-next/node_modules/react-dom/cjs/react-dom-server.edge.development.js:5889:11)
    at retryNode (file:///Users/vipinajayakumar/intent/workspaces/smiling-cardinal/bluprince13-next/node_modules/react-dom/cjs/react-dom-server.edge.development.js:6765:31)
    at renderNodeDestructive (file:///Users/vipinajayakumar/intent/workspaces/smiling-cardinal/bluprince13-next/node_modules/react-dom/cjs/react-dom-server.edge.development.js:6715:11)
    at renderNode (file:///Users/vipinajayakumar/intent/workspaces/smiling-cardinal/bluprince13-next/node_modules/react-dom/cjs/react-dom-server.edge.development.js:7253:18)
    at renderChildrenArray (file:///Users/vipinajayakumar/intent/workspaces/smiling-cardinal/bluprince13-next/node_modules/react-dom/cjs/react-dom-server.edge.development.js:7022:11)
    at retryNode (file:///Users/vipinajayakumar/intent/workspaces/smiling-cardinal/bluprince13-next/node_modules/react-dom/cjs/react-dom-server.edge.development.js:6789:13)
    at renderNodeDestructive (file:///Users/vipinajayakumar/intent/workspaces/smiling-cardinal/bluprince13-next/node_modules/react-dom/cjs/react-dom-server.edge.development.js:6715:11)
    at renderNode (file:///Users/vipinajayakumar/intent/workspaces/smiling-cardinal/bluprince13-next/node_modules/react-dom/cjs/react-dom-server.edge.development.js:7253:18)
    at renderElement (file:///Users/vipinajayakumar/intent/workspaces/smiling-cardinal/bluprince13-next/node_modules/react-dom/cjs/react-dom-server.edge.development.js:5954:18)
    at retryNode (file:///Users/vipinajayakumar/intent/workspaces/smiling-cardinal/bluprince13-next/node_modules/react-dom/cjs/react-dom-server.edge.development.js:6765:31)
    at renderNodeDestructive (file:///Users/vipinajayakumar/intent/workspaces/smiling-cardinal/bluprince13-next/node_modules/react-dom/cjs/react-dom-server.edge.development.js:6715:11)
    at renderNode (file:///Users/vipinajayakumar/intent/workspaces/smiling-cardinal/bluprince13-next/node_modules/react-dom/cjs/react-dom-server.edge.development.js:7253:18)
    at renderChildrenArray (file:///Users/vipinajayakumar/intent/workspaces/smiling-cardinal/bluprince13-next/node_modules/react-dom/cjs/react-dom-server.edge.development.js:7022:11)
    at retryNode (file:///Users/vipinajayakumar/intent/workspaces/smiling-cardinal/bluprince13-next/node_modules/react-dom/cjs/react-dom-server.edge.development.js:6789:13)
    at renderNodeDestructive (file:///Users/vipinajayakumar/intent/workspaces/smiling-cardinal/bluprince13-next/node_modules/react-dom/cjs/react-dom-server.edge.development.js:6715:11)
    at renderElement (file:///Users/vipinajayakumar/intent/workspaces/smiling-cardinal/bluprince13-next/node_modules/react-dom/cjs/react-dom-server.edge.development.js:6007:13)
    at retryNode (file:///Users/vipinajayakumar/intent/workspaces/smiling-cardinal/bluprince13-next/node_modules/react-dom/cjs/react-dom-server.edge.development.js:6765:31)
    at renderNodeDestructive (file:///Users/vipinajayakumar/intent/workspaces/smiling-cardinal/bluprince13-next/node_modules/react-dom/cjs/react-dom-server.edge.development.js:6715:11)
    at finishFunctionComponent (file:///Users/vipinajayakumar/intent/workspaces/smiling-cardinal/bluprince13-next/node_modules/react-dom/cjs/react-dom-server.edge.development.js:5443:13)
    at renderElement (file:///Users/vipinajayakumar/intent/workspaces/smiling-cardinal/bluprince13-next/node_modules/react-dom/cjs/react-dom-server.edge.development.js:5889:11)
    at retryNode (file:///Users/vipinajayakumar/intent/workspaces/smiling-cardinal/bluprince13-next/node_modules/react-dom/cjs/react-dom-server.edge.development.js:6765:31)
    at renderNodeDestructive (file:///Users/vipinajayakumar/intent/workspaces/smiling-cardinal/bluprince13-next/node_modules/react-dom/cjs/react-dom-server.edge.development.js:6715:11)
    at finishFunctionComponent (file:///Users/vipinajayakumar/intent/workspaces/smiling-cardinal/bluprince13-next/node_modules/react-dom/cjs/react-dom-server.edge.development.js:5443:13)
    at renderElement (file:///Users/vipinajayakumar/intent/workspaces/smiling-cardinal/bluprince13-next/node_modules/react-dom/cjs/react-dom-server.edge.development.js:6363:15)
[  320996ms] [LOG] [HMR] connected @ http://localhost:3000/_next/static/chunks/node_modules_next_dist_0piy_.e._.js:3550
[  326605ms] [LOG] [Fast Refresh] rebuilding @ http://localhost:3000/_next/static/chunks/node_modules_next_dist_0piy_.e._.js:3550
[  326605ms] [LOG] [Fast Refresh] done in 102ms @ http://localhost:3000/_next/static/chunks/node_modules_next_dist_0piy_.e._.js:3550
[  334379ms] [ERROR] WebSocket connection to 'ws://localhost:3000/_next/webpack-hmr' failed: Error in connection establishment: net::ERR_CONNECTION_REFUSED @ http://localhost:3000/_next/static/chunks/node_modules_next_dist_client_1282577._.js:2343
[  335381ms] [ERROR] WebSocket connection to 'ws://localhost:3000/_next/webpack-hmr' failed: Error in connection establishment: net::ERR_CONNECTION_REFUSED @ http://localhost:3000/_next/static/chunks/node_modules_next_dist_client_1282577._.js:2343
[  345353ms] [ERROR] WebSocket connection to 'ws://localhost:3000/_next/webpack-hmr' failed: Error during WebSocket handshake: Unexpected response code: 404 @ http://localhost:3000/_next/static/chunks/node_modules_next_dist_client_1282577._.js:2343
[  346364ms] [LOG] [HMR] connected @ http://localhost:3000/_next/static/chunks/node_modules_next_dist_0piy_.e._.js:3550
[  347206ms] [ERROR] Failed to load resource: the server responded with a status of 500 (Internal Server Error) @ http://localhost:3000/values:0
[  348043ms] [INFO] %cDownload the React DevTools for a better development experience: https://react.dev/link/react-devtools font-weight:bold @ http://localhost:3000/_next/static/chunks/node_modules_react-dom_0bruynb._.js:15305
[  350736ms] Error: Objects are not valid as a React child (found: object with keys {$$typeof, type, key, ref, props, _owner, _store}). If you meant to render a collection of children, use an array instead.
    at retryNode (file:///Users/vipinajayakumar/intent/workspaces/smiling-cardinal/bluprince13-next/node_modules/react-dom/cjs/react-dom-server.edge.development.js:6822:17)
    at renderNodeDestructive (file:///Users/vipinajayakumar/intent/workspaces/smiling-cardinal/bluprince13-next/node_modules/react-dom/cjs/react-dom-server.edge.development.js:6715:11)
    at finishFunctionComponent (file:///Users/vipinajayakumar/intent/workspaces/smiling-cardinal/bluprince13-next/node_modules/react-dom/cjs/react-dom-server.edge.development.js:5443:13)
    at renderElement (file:///Users/vipinajayakumar/intent/workspaces/smiling-cardinal/bluprince13-next/node_modules/react-dom/cjs/react-dom-server.edge.development.js:6363:15)
    at retryNode (file:///Users/vipinajayakumar/intent/workspaces/smiling-cardinal/bluprince13-next/node_modules/react-dom/cjs/react-dom-server.edge.development.js:6765:31)
    at renderNodeDestructive (file:///Users/vipinajayakumar/intent/workspaces/smiling-cardinal/bluprince13-next/node_modules/react-dom/cjs/react-dom-server.edge.development.js:6715:11)
    at renderNode (file:///Users/vipinajayakumar/intent/workspaces/smiling-cardinal/bluprince13-next/node_modules/react-dom/cjs/react-dom-server.edge.development.js:7253:18)
    at renderElement (file:///Users/vipinajayakumar/intent/workspaces/smiling-cardinal/bluprince13-next/node_modules/react-dom/cjs/react-dom-server.edge.development.js:5954:18)
    at retryNode (file:///Users/vipinajayakumar/intent/workspaces/smiling-cardinal/bluprince13-next/node_modules/react-dom/cjs/react-dom-server.edge.development.js:6765:31)
    at renderNodeDestructive (file:///Users/vipinajayakumar/intent/workspaces/smiling-cardinal/bluprince13-next/node_modules/react-dom/cjs/react-dom-server.edge.development.js:6715:11)
    at renderNode (file:///Users/vipinajayakumar/intent/workspaces/smiling-cardinal/bluprince13-next/node_modules/react-dom/cjs/react-dom-server.edge.development.js:7253:18)
    at renderChildrenArray (file:///Users/vipinajayakumar/intent/workspaces/smiling-cardinal/bluprince13-next/node_modules/react-dom/cjs/react-dom-server.edge.development.js:7022:11)
    at retryNode (file:///Users/vipinajayakumar/intent/workspaces/smiling-cardinal/bluprince13-next/node_modules/react-dom/cjs/react-dom-server.edge.development.js:6789:13)
    at renderNodeDestructive (file:///Users/vipinajayakumar/intent/workspaces/smiling-cardinal/bluprince13-next/node_modules/react-dom/cjs/react-dom-server.edge.development.js:6715:11)
    at renderElement (file:///Users/vipinajayakumar/intent/workspaces/smiling-cardinal/bluprince13-next/node_modules/react-dom/cjs/react-dom-server.edge.development.js:6007:13)
    at retryNode (file:///Users/vipinajayakumar/intent/workspaces/smiling-cardinal/bluprince13-next/node_modules/react-dom/cjs/react-dom-server.edge.development.js:6765:31)
    at renderNodeDestructive (file:///Users/vipinajayakumar/intent/workspaces/smiling-cardinal/bluprince13-next/node_modules/react-dom/cjs/react-dom-server.edge.development.js:6715:11)
    at finishFunctionComponent (file:///Users/vipinajayakumar/intent/workspaces/smiling-cardinal/bluprince13-next/node_modules/react-dom/cjs/react-dom-server.edge.development.js:5443:13)
    at renderElement (file:///Users/vipinajayakumar/intent/workspaces/smiling-cardinal/bluprince13-next/node_modules/react-dom/cjs/react-dom-server.edge.development.js:5889:11)
    at retryNode (file:///Users/vipinajayakumar/intent/workspaces/smiling-cardinal/bluprince13-next/node_modules/react-dom/cjs/react-dom-server.edge.development.js:6765:31)
    at renderNodeDestructive (file:///Users/vipinajayakumar/intent/workspaces/smiling-cardinal/bluprince13-next/node_modules/react-dom/cjs/react-dom-server.edge.development.js:6715:11)
    at finishFunctionComponent (file:///Users/vipinajayakumar/intent/workspaces/smiling-cardinal/bluprince13-next/node_modules/react-dom/cjs/react-dom-server.edge.development.js:5443:13)
    at renderElement (file:///Users/vipinajayakumar/intent/workspaces/smiling-cardinal/bluprince13-next/node_modules/react-dom/cjs/react-dom-server.edge.development.js:6363:15)
    at retryNode (file:///Users/vipinajayakumar/intent/workspaces/smiling-cardinal/bluprince13-next/node_modules/react-dom/cjs/react-dom-server.edge.development.js:6765:31)
    at renderNodeDestructive (file:///Users/vipinajayakumar/intent/workspaces/smiling-cardinal/bluprince13-next/node_modules/react-dom/cjs/react-dom-server.edge.development.js:6715:11)
    at finishFunctionComponent (file:///Users/vipinajayakumar/intent/workspaces/smiling-cardinal/bluprince13-next/node_modules/react-dom/cjs/react-dom-server.edge.development.js:5443:13)
    at renderElement (file:///Users/vipinajayakumar/intent/workspaces/smiling-cardinal/bluprince13-next/node_modules/react-dom/cjs/react-dom-server.edge.development.js:5889:11)
    at retryNode (file:///Users/vipinajayakumar/intent/workspaces/smiling-cardinal/bluprince13-next/node_modules/react-dom/cjs/react-dom-server.edge.development.js:6765:31)
    at renderNodeDestructive (file:///Users/vipinajayakumar/intent/workspaces/smiling-cardinal/bluprince13-next/node_modules/react-dom/cjs/react-dom-server.edge.development.js:6715:11)
    at renderNode (file:///Users/vipinajayakumar/intent/workspaces/smiling-cardinal/bluprince13-next/node_modules/react-dom/cjs/react-dom-server.edge.development.js:7253:18)
    at renderChildrenArray (file:///Users/vipinajayakumar/intent/workspaces/smiling-cardinal/bluprince13-next/node_modules/react-dom/cjs/react-dom-server.edge.development.js:7022:11)
    at retryNode (file:///Users/vipinajayakumar/intent/workspaces/smiling-cardinal/bluprince13-next/node_modules/react-dom/cjs/react-dom-server.edge.development.js:6789:13)
    at renderNodeDestructive (file:///Users/vipinajayakumar/intent/workspaces/smiling-cardinal/bluprince13-next/node_modules/react-dom/cjs/react-dom-server.edge.development.js:6715:11)
    at renderNode (file:///Users/vipinajayakumar/intent/workspaces/smiling-cardinal/bluprince13-next/node_modules/react-dom/cjs/react-dom-server.edge.development.js:7253:18)
    at renderElement (file:///Users/vipinajayakumar/intent/workspaces/smiling-cardinal/bluprince13-next/node_modules/react-dom/cjs/react-dom-server.edge.development.js:5954:18)
    at retryNode (file:///Users/vipinajayakumar/intent/workspaces/smiling-cardinal/bluprince13-next/node_modules/react-dom/cjs/react-dom-server.edge.development.js:6765:31)
    at renderNodeDestructive (file:///Users/vipinajayakumar/intent/workspaces/smiling-cardinal/bluprince13-next/node_modules/react-dom/cjs/react-dom-server.edge.development.js:6715:11)
    at renderNode (file:///Users/vipinajayakumar/intent/workspaces/smiling-cardinal/bluprince13-next/node_modules/react-dom/cjs/react-dom-server.edge.development.js:7253:18)
    at renderChildrenArray (file:///Users/vipinajayakumar/intent/workspaces/smiling-cardinal/bluprince13-next/node_modules/react-dom/cjs/react-dom-server.edge.development.js:7022:11)
    at retryNode (file:///Users/vipinajayakumar/intent/workspaces/smiling-cardinal/bluprince13-next/node_modules/react-dom/cjs/react-dom-server.edge.development.js:6789:13)
    at renderNodeDestructive (file:///Users/vipinajayakumar/intent/workspaces/smiling-cardinal/bluprince13-next/node_modules/react-dom/cjs/react-dom-server.edge.development.js:6715:11)
    at renderElement (file:///Users/vipinajayakumar/intent/workspaces/smiling-cardinal/bluprince13-next/node_modules/react-dom/cjs/react-dom-server.edge.development.js:6007:13)
    at retryNode (file:///Users/vipinajayakumar/intent/workspaces/smiling-cardinal/bluprince13-next/node_modules/react-dom/cjs/react-dom-server.edge.development.js:6765:31)
    at renderNodeDestructive (file:///Users/vipinajayakumar/intent/workspaces/smiling-cardinal/bluprince13-next/node_modules/react-dom/cjs/react-dom-server.edge.development.js:6715:11)
    at finishFunctionComponent (file:///Users/vipinajayakumar/intent/workspaces/smiling-cardinal/bluprince13-next/node_modules/react-dom/cjs/react-dom-server.edge.development.js:5443:13)
    at renderElement (file:///Users/vipinajayakumar/intent/workspaces/smiling-cardinal/bluprince13-next/node_modules/react-dom/cjs/react-dom-server.edge.development.js:5889:11)
    at retryNode (file:///Users/vipinajayakumar/intent/workspaces/smiling-cardinal/bluprince13-next/node_modules/react-dom/cjs/react-dom-server.edge.development.js:6765:31)
    at renderNodeDestructive (file:///Users/vipinajayakumar/intent/workspaces/smiling-cardinal/bluprince13-next/node_modules/react-dom/cjs/react-dom-server.edge.development.js:6715:11)
    at finishFunctionComponent (file:///Users/vipinajayakumar/intent/workspaces/smiling-cardinal/bluprince13-next/node_modules/react-dom/cjs/react-dom-server.edge.development.js:5443:13)
    at renderElement (file:///Users/vipinajayakumar/intent/workspaces/smiling-cardinal/bluprince13-next/node_modules/react-dom/cjs/react-dom-server.edge.development.js:6363:15)
[  350737ms] [LOG] [HMR] connected @ http://localhost:3000/_next/static/chunks/node_modules_next_dist_0piy_.e._.js:3550
[  361094ms] [ERROR] WebSocket connection to 'ws://localhost:3000/_next/webpack-hmr' failed:  @ http://localhost:3000/_next/static/chunks/node_modules_next_dist_client_1282577._.js:2343
[  362808ms] [ERROR] WebSocket connection to 'ws://localhost:3000/_next/webpack-hmr' failed: Error in connection establishment: net::ERR_CONNECTION_REFUSED @ http://localhost:3000/_next/static/chunks/node_modules_next_dist_client_1282577._.js:2343
[  363811ms] [ERROR] WebSocket connection to 'ws://localhost:3000/_next/webpack-hmr' failed: Error in connection establishment: net::ERR_CONNECTION_REFUSED @ http://localhost:3000/_next/static/chunks/node_modules_next_dist_client_1282577._.js:2343
[  365653ms] [ERROR] WebSocket connection to 'ws://localhost:3000/_next/webpack-hmr' failed: Error during WebSocket handshake: Unexpected response code: 404 @ http://localhost:3000/_next/static/chunks/node_modules_next_dist_client_1282577._.js:2343
[  366670ms] [LOG] [HMR] connected @ http://localhost:3000/_next/static/chunks/node_modules_next_dist_0piy_.e._.js:3550
[  368393ms] [ERROR] Failed to load resource: the server responded with a status of 500 (Internal Server Error) @ http://localhost:3000/values:0
[  368709ms] [INFO] %cDownload the React DevTools for a better development experience: https://react.dev/link/react-devtools font-weight:bold @ http://localhost:3000/_next/static/chunks/node_modules_react-dom_0bruynb._.js:15305
[  369211ms] Error: Objects are not valid as a React child (found: object with keys {$$typeof, type, key, ref, props, _owner, _store}). If you meant to render a collection of children, use an array instead.
    at retryNode (file:///Users/vipinajayakumar/intent/workspaces/smiling-cardinal/bluprince13-next/node_modules/react-dom/cjs/react-dom-server.edge.development.js:6822:17)
    at renderNodeDestructive (file:///Users/vipinajayakumar/intent/workspaces/smiling-cardinal/bluprince13-next/node_modules/react-dom/cjs/react-dom-server.edge.development.js:6715:11)
    at finishFunctionComponent (file:///Users/vipinajayakumar/intent/workspaces/smiling-cardinal/bluprince13-next/node_modules/react-dom/cjs/react-dom-server.edge.development.js:5443:13)
    at renderElement (file:///Users/vipinajayakumar/intent/workspaces/smiling-cardinal/bluprince13-next/node_modules/react-dom/cjs/react-dom-server.edge.development.js:6363:15)
    at retryNode (file:///Users/vipinajayakumar/intent/workspaces/smiling-cardinal/bluprince13-next/node_modules/react-dom/cjs/react-dom-server.edge.development.js:6765:31)
    at renderNodeDestructive (file:///Users/vipinajayakumar/intent/workspaces/smiling-cardinal/bluprince13-next/node_modules/react-dom/cjs/react-dom-server.edge.development.js:6715:11)
    at renderNode (file:///Users/vipinajayakumar/intent/workspaces/smiling-cardinal/bluprince13-next/node_modules/react-dom/cjs/react-dom-server.edge.development.js:7253:18)
    at renderElement (file:///Users/vipinajayakumar/intent/workspaces/smiling-cardinal/bluprince13-next/node_modules/react-dom/cjs/react-dom-server.edge.development.js:5954:18)
    at retryNode (file:///Users/vipinajayakumar/intent/workspaces/smiling-cardinal/bluprince13-next/node_modules/react-dom/cjs/react-dom-server.edge.development.js:6765:31)
    at renderNodeDestructive (file:///Users/vipinajayakumar/intent/workspaces/smiling-cardinal/bluprince13-next/node_modules/react-dom/cjs/react-dom-server.edge.development.js:6715:11)
    at renderNode (file:///Users/vipinajayakumar/intent/workspaces/smiling-cardinal/bluprince13-next/node_modules/react-dom/cjs/react-dom-server.edge.development.js:7253:18)
    at renderChildrenArray (file:///Users/vipinajayakumar/intent/workspaces/smiling-cardinal/bluprince13-next/node_modules/react-dom/cjs/react-dom-server.edge.development.js:7022:11)
    at retryNode (file:///Users/vipinajayakumar/intent/workspaces/smiling-cardinal/bluprince13-next/node_modules/react-dom/cjs/react-dom-server.edge.development.js:6789:13)
    at renderNodeDestructive (file:///Users/vipinajayakumar/intent/workspaces/smiling-cardinal/bluprince13-next/node_modules/react-dom/cjs/react-dom-server.edge.development.js:6715:11)
    at renderElement (file:///Users/vipinajayakumar/intent/workspaces/smiling-cardinal/bluprince13-next/node_modules/react-dom/cjs/react-dom-server.edge.development.js:6007:13)
    at retryNode (file:///Users/vipinajayakumar/intent/workspaces/smiling-cardinal/bluprince13-next/node_modules/react-dom/cjs/react-dom-server.edge.development.js:6765:31)
    at renderNodeDestructive (file:///Users/vipinajayakumar/intent/workspaces/smiling-cardinal/bluprince13-next/node_modules/react-dom/cjs/react-dom-server.edge.development.js:6715:11)
    at finishFunctionComponent (file:///Users/vipinajayakumar/intent/workspaces/smiling-cardinal/bluprince13-next/node_modules/react-dom/cjs/react-dom-server.edge.development.js:5443:13)
    at renderElement (file:///Users/vipinajayakumar/intent/workspaces/smiling-cardinal/bluprince13-next/node_modules/react-dom/cjs/react-dom-server.edge.development.js:5889:11)
    at retryNode (file:///Users/vipinajayakumar/intent/workspaces/smiling-cardinal/bluprince13-next/node_modules/react-dom/cjs/react-dom-server.edge.development.js:6765:31)
    at renderNodeDestructive (file:///Users/vipinajayakumar/intent/workspaces/smiling-cardinal/bluprince13-next/node_modules/react-dom/cjs/react-dom-server.edge.development.js:6715:11)
    at finishFunctionComponent (file:///Users/vipinajayakumar/intent/workspaces/smiling-cardinal/bluprince13-next/node_modules/react-dom/cjs/react-dom-server.edge.development.js:5443:13)
    at renderElement (file:///Users/vipinajayakumar/intent/workspaces/smiling-cardinal/bluprince13-next/node_modules/react-dom/cjs/react-dom-server.edge.development.js:6363:15)
    at retryNode (file:///Users/vipinajayakumar/intent/workspaces/smiling-cardinal/bluprince13-next/node_modules/react-dom/cjs/react-dom-server.edge.development.js:6765:31)
    at renderNodeDestructive (file:///Users/vipinajayakumar/intent/workspaces/smiling-cardinal/bluprince13-next/node_modules/react-dom/cjs/react-dom-server.edge.development.js:6715:11)
    at finishFunctionComponent (file:///Users/vipinajayakumar/intent/workspaces/smiling-cardinal/bluprince13-next/node_modules/react-dom/cjs/react-dom-server.edge.development.js:5443:13)
    at renderElement (file:///Users/vipinajayakumar/intent/workspaces/smiling-cardinal/bluprince13-next/node_modules/react-dom/cjs/react-dom-server.edge.development.js:5889:11)
    at retryNode (file:///Users/vipinajayakumar/intent/workspaces/smiling-cardinal/bluprince13-next/node_modules/react-dom/cjs/react-dom-server.edge.development.js:6765:31)
    at renderNodeDestructive (file:///Users/vipinajayakumar/intent/workspaces/smiling-cardinal/bluprince13-next/node_modules/react-dom/cjs/react-dom-server.edge.development.js:6715:11)
    at renderNode (file:///Users/vipinajayakumar/intent/workspaces/smiling-cardinal/bluprince13-next/node_modules/react-dom/cjs/react-dom-server.edge.development.js:7253:18)
    at renderChildrenArray (file:///Users/vipinajayakumar/intent/workspaces/smiling-cardinal/bluprince13-next/node_modules/react-dom/cjs/react-dom-server.edge.development.js:7022:11)
    at retryNode (file:///Users/vipinajayakumar/intent/workspaces/smiling-cardinal/bluprince13-next/node_modules/react-dom/cjs/react-dom-server.edge.development.js:6789:13)
    at renderNodeDestructive (file:///Users/vipinajayakumar/intent/workspaces/smiling-cardinal/bluprince13-next/node_modules/react-dom/cjs/react-dom-server.edge.development.js:6715:11)
    at renderNode (file:///Users/vipinajayakumar/intent/workspaces/smiling-cardinal/bluprince13-next/node_modules/react-dom/cjs/react-dom-server.edge.development.js:7253:18)
    at renderElement (file:///Users/vipinajayakumar/intent/workspaces/smiling-cardinal/bluprince13-next/node_modules/react-dom/cjs/react-dom-server.edge.development.js:5954:18)
    at retryNode (file:///Users/vipinajayakumar/intent/workspaces/smiling-cardinal/bluprince13-next/node_modules/react-dom/cjs/react-dom-server.edge.development.js:6765:31)
    at renderNodeDestructive (file:///Users/vipinajayakumar/intent/workspaces/smiling-cardinal/bluprince13-next/node_modules/react-dom/cjs/react-dom-server.edge.development.js:6715:11)
    at renderNode (file:///Users/vipinajayakumar/intent/workspaces/smiling-cardinal/bluprince13-next/node_modules/react-dom/cjs/react-dom-server.edge.development.js:7253:18)
    at renderChildrenArray (file:///Users/vipinajayakumar/intent/workspaces/smiling-cardinal/bluprince13-next/node_modules/react-dom/cjs/react-dom-server.edge.development.js:7022:11)
    at retryNode (file:///Users/vipinajayakumar/intent/workspaces/smiling-cardinal/bluprince13-next/node_modules/react-dom/cjs/react-dom-server.edge.development.js:6789:13)
    at renderNodeDestructive (file:///Users/vipinajayakumar/intent/workspaces/smiling-cardinal/bluprince13-next/node_modules/react-dom/cjs/react-dom-server.edge.development.js:6715:11)
    at renderElement (file:///Users/vipinajayakumar/intent/workspaces/smiling-cardinal/bluprince13-next/node_modules/react-dom/cjs/react-dom-server.edge.development.js:6007:13)
    at retryNode (file:///Users/vipinajayakumar/intent/workspaces/smiling-cardinal/bluprince13-next/node_modules/react-dom/cjs/react-dom-server.edge.development.js:6765:31)
    at renderNodeDestructive (file:///Users/vipinajayakumar/intent/workspaces/smiling-cardinal/bluprince13-next/node_modules/react-dom/cjs/react-dom-server.edge.development.js:6715:11)
    at finishFunctionComponent (file:///Users/vipinajayakumar/intent/workspaces/smiling-cardinal/bluprince13-next/node_modules/react-dom/cjs/react-dom-server.edge.development.js:5443:13)
    at renderElement (file:///Users/vipinajayakumar/intent/workspaces/smiling-cardinal/bluprince13-next/node_modules/react-dom/cjs/react-dom-server.edge.development.js:5889:11)
    at retryNode (file:///Users/vipinajayakumar/intent/workspaces/smiling-cardinal/bluprince13-next/node_modules/react-dom/cjs/react-dom-server.edge.development.js:6765:31)
    at renderNodeDestructive (file:///Users/vipinajayakumar/intent/workspaces/smiling-cardinal/bluprince13-next/node_modules/react-dom/cjs/react-dom-server.edge.development.js:6715:11)
    at finishFunctionComponent (file:///Users/vipinajayakumar/intent/workspaces/smiling-cardinal/bluprince13-next/node_modules/react-dom/cjs/react-dom-server.edge.development.js:5443:13)
    at renderElement (file:///Users/vipinajayakumar/intent/workspaces/smiling-cardinal/bluprince13-next/node_modules/react-dom/cjs/react-dom-server.edge.development.js:6363:15)
[  369204ms] [LOG] [HMR] connected @ http://localhost:3000/_next/static/chunks/node_modules_next_dist_0piy_.e._.js:3550
[  385972ms] [LOG] [Fast Refresh] rebuilding @ http://localhost:3000/_next/static/chunks/node_modules_next_dist_0piy_.e._.js:3550
[  386021ms] [LOG] [Fast Refresh] done in 422ms @ http://localhost:3000/_next/static/chunks/node_modules_next_dist_0piy_.e._.js:3550
