// Jest Snapshot v1, https://goo.gl/fbAQLP

exports[`Timeline renders correctly 1`] = `
<DocumentFragment>
  <ul
    class="MuiTimeline-root MuiTimeline-positionAlternate css-55vwbm-MuiTimeline-root"
  >
    <li
      class="MuiTimelineItem-root MuiTimelineItem-positionAlternate css-1sohoek-MuiTimelineItem-root"
    >
      <div
        class="MuiTypography-root MuiTypography-body2 MuiTypography-alignRight MuiTimelineOppositeContent-root MuiTimelineOppositeContent-positionAlternate css-l4x062-MuiTypography-root-MuiTimelineOppositeContent-root"
      >
        marker1
      </div>
      <div
        class="MuiTimelineSeparator-root css-1fe7e6p-MuiTimelineSeparator-root"
      >
        <span
          class="MuiTimelineConnector-root css-1ami7lv-MuiTimelineConnector-root"
        />
        <span
          class="MuiTimelineDot-root MuiTimelineDot-filled MuiTimelineDot-filledInfo css-1mqyah4-MuiTimelineDot-root"
        >
          <span
            aria-hidden="true"
            class="material-icons notranslate MuiIcon-root MuiIcon-fontSizeMedium css-kp9ftd-MuiIcon-root"
          >
            start
          </span>
        </span>
        <span
          class="MuiTimelineConnector-root css-1ami7lv-MuiTimelineConnector-root"
        />
      </div>
      <div
        class="MuiTypography-root MuiTypography-body1 MuiTimelineContent-root MuiTimelineContent-positionAlternate css-obnzm6-MuiTypography-root-MuiTimelineContent-root"
      >
        <span
          class="MuiTypography-root MuiTypography-h6 css-2ulfj5-MuiTypography-root"
        >
          With description
        </span>
        <p
          class="MuiTypography-root MuiTypography-body1 css-ahj2mt-MuiTypography-root"
        >
          description1
        </p>
      </div>
    </li>
    <li
      class="MuiTimelineItem-root MuiTimelineItem-positionAlternate css-1sohoek-MuiTimelineItem-root"
    >
      <div
        class="MuiTypography-root MuiTypography-body2 MuiTypography-alignRight MuiTimelineOppositeContent-root MuiTimelineOppositeContent-positionAlternate css-l4x062-MuiTypography-root-MuiTimelineOppositeContent-root"
      >
        marker2
      </div>
      <div
        class="MuiTimelineSeparator-root css-1fe7e6p-MuiTimelineSeparator-root"
      >
        <span
          class="MuiTimelineConnector-root css-1ami7lv-MuiTimelineConnector-root"
        />
        <span
          class="MuiTimelineDot-root MuiTimelineDot-filled MuiTimelineDot-filledError css-ia85ya-MuiTimelineDot-root"
        >
          <span
            aria-hidden="true"
            class="material-icons notranslate MuiIcon-root MuiIcon-fontSizeMedium css-kp9ftd-MuiIcon-root"
          >
            end
          </span>
        </span>
        <span
          class="MuiTimelineConnector-root css-1ami7lv-MuiTimelineConnector-root"
        />
      </div>
      <div
        class="MuiTypography-root MuiTypography-body1 MuiTimelineContent-root MuiTimelineContent-positionAlternate css-obnzm6-MuiTypography-root-MuiTimelineContent-root"
      >
        <span
          class="MuiTypography-root MuiTypography-h6 css-2ulfj5-MuiTypography-root"
        >
          Without description
        </span>
        <p
          class="MuiTypography-root MuiTypography-body1 css-ahj2mt-MuiTypography-root"
        />
      </div>
    </li>
  </ul>
</DocumentFragment>
`;
